[    0.000000] Initializing cgroup subsys cpuset
[    0.000000] Initializing cgroup subsys cpu
[    0.000000] Initializing cgroup subsys cpuacct
[    0.000000] Linux version 4.4.0-173-generic (buildd@lgw01-amd64-037) (gcc version 5.4.0 20160609 (Ubuntu 5.4.0-6ubuntu1~16.04.12) ) #203-Ubuntu SMP Wed Jan 15 02:55:01 UTC 2020 (Ubuntu 4.4.0-173.203-generic 4.4.208)
[    0.000000] Command line: BOOT_IMAGE=/boot/vmlinuz-4.4.0-173-generic root=LABEL=cloudimg-rootfs ro console=tty1 console=ttyS0
[    0.000000] KERNEL supported cpus:
[    0.000000]   Intel GenuineIntel
[    0.000000]   AMD AuthenticAMD
[    0.000000]   Centaur CentaurHauls
[    0.000000] x86/fpu: xstate_offset[2]:  576, xstate_sizes[2]:  256
[    0.000000] x86/fpu: Supporting XSAVE feature 0x01: 'x87 floating point registers'
[    0.000000] x86/fpu: Supporting XSAVE feature 0x02: 'SSE registers'
[    0.000000] x86/fpu: Supporting XSAVE feature 0x04: 'AVX registers'
[    0.000000] x86/fpu: Enabled xstate features 0x7, context size is 832 bytes, using 'standard' format.
[    0.000000] e820: BIOS-provided physical RAM map:
[    0.000000] BIOS-e820: [mem 0x0000000000000000-0x000000000009fbff] usable
[    0.000000] BIOS-e820: [mem 0x000000000009fc00-0x000000000009ffff] reserved
[    0.000000] BIOS-e820: [mem 0x00000000000f0000-0x00000000000fffff] reserved
[    0.000000] BIOS-e820: [mem 0x0000000000100000-0x000000003ffeffff] usable
[    0.000000] BIOS-e820: [mem 0x000000003fff0000-0x000000003fffffff] ACPI data
[    0.000000] BIOS-e820: [mem 0x00000000fec00000-0x00000000fec00fff] reserved
[    0.000000] BIOS-e820: [mem 0x00000000fee00000-0x00000000fee00fff] reserved
[    0.000000] BIOS-e820: [mem 0x00000000fffc0000-0x00000000ffffffff] reserved
[    0.000000] NX (Execute Disable) protection: active
[    0.000000] SMBIOS 2.5 present.
[    0.000000] Hypervisor detected: KVM
[    0.000000] e820: last_pfn = 0x3fff0 max_arch_pfn = 0x400000000
[    0.000000] MTRR: Disabled
[    0.000000] x86/PAT: MTRRs disabled, skipping PAT initialization too.
[    0.000000] CPU MTRRs all blank - virtualized system.
[    0.000000] x86/PAT: Configuration [0-7]: WB  WT  UC- UC  WB  WT  UC- UC  
[    0.000000] found SMP MP-table at [mem 0x0009fff0-0x0009ffff] mapped at [ffff88000009fff0]
[    0.000000] Scanning 1 areas for low memory corruption
[    0.000000] RAMDISK: [mem 0x361ce000-0x370defff]
[    0.000000] ACPI: Early table checksum verification disabled
[    0.000000] ACPI: RSDP 0x00000000000E0000 000024 (v02 VBOX  )
[    0.000000] ACPI: XSDT 0x000000003FFF0030 00003C (v01 VBOX   VBOXXSDT 00000001 ASL  00000061)
[    0.000000] ACPI: FACP 0x000000003FFF00F0 0000F4 (v04 VBOX   VBOXFACP 00000001 ASL  00000061)
[    0.000000] ACPI: DSDT 0x000000003FFF0470 002325 (v02 VBOX   VBOXBIOS 00000002 INTL 20100528)
[    0.000000] ACPI: FACS 0x000000003FFF0200 000040
[    0.000000] ACPI: FACS 0x000000003FFF0200 000040
[    0.000000] ACPI: APIC 0x000000003FFF0240 00005C (v02 VBOX   VBOXAPIC 00000001 ASL  00000061)
[    0.000000] ACPI: SSDT 0x000000003FFF02A0 0001CC (v01 VBOX   VBOXCPUT 00000002 INTL 20100528)
[    0.000000] No NUMA configuration found
[    0.000000] Faking a node at [mem 0x0000000000000000-0x000000003ffeffff]
[    0.000000] NODE_DATA(0) allocated [mem 0x3ffeb000-0x3ffeffff]
[    0.000000] kvm-clock: Using msrs 4b564d01 and 4b564d00
[    0.000000] kvm-clock: cpu 0, msr 0:3ffe3001, primary cpu clock
[    0.000000] kvm-clock: using sched offset of 4398221909 cycles
[    0.000000] clocksource: kvm-clock: mask: 0xffffffffffffffff max_cycles: 0x1cd42e4dffb, max_idle_ns: 881590591483 ns
[    0.000000] Zone ranges:
[    0.000000]   DMA      [mem 0x0000000000001000-0x0000000000ffffff]
[    0.000000]   DMA32    [mem 0x0000000001000000-0x000000003ffeffff]
[    0.000000]   Normal   empty
[    0.000000]   Device   empty
[    0.000000] Movable zone start for each node
[    0.000000] Early memory node ranges
[    0.000000]   node   0: [mem 0x0000000000001000-0x000000000009efff]
[    0.000000]   node   0: [mem 0x0000000000100000-0x000000003ffeffff]
[    0.000000] Initmem setup node 0 [mem 0x0000000000001000-0x000000003ffeffff]
[    0.000000] ACPI: PM-Timer IO Port: 0x4008
[    0.000000] IOAPIC[0]: apic_id 2, version 32, address 0xfec00000, GSI 0-23
[    0.000000] ACPI: INT_SRC_OVR (bus 0 bus_irq 0 global_irq 2 dfl dfl)
[    0.000000] ACPI: INT_SRC_OVR (bus 0 bus_irq 9 global_irq 9 low level)
[    0.000000] Using ACPI (MADT) for SMP configuration information
[    0.000000] smpboot: Allowing 2 CPUs, 0 hotplug CPUs
[    0.000000] PM: Registered nosave memory: [mem 0x00000000-0x00000fff]
[    0.000000] PM: Registered nosave memory: [mem 0x0009f000-0x0009ffff]
[    0.000000] PM: Registered nosave memory: [mem 0x000a0000-0x000effff]
[    0.000000] PM: Registered nosave memory: [mem 0x000f0000-0x000fffff]
[    0.000000] e820: [mem 0x40000000-0xfebfffff] available for PCI devices
[    0.000000] Booting paravirtualized kernel on KVM
[    0.000000] clocksource: refined-jiffies: mask: 0xffffffff max_cycles: 0xffffffff, max_idle_ns: 7645519600211568 ns
[    0.000000] setup_percpu: NR_CPUS:512 nr_cpumask_bits:512 nr_cpu_ids:2 nr_node_ids:1
[    0.000000] PERCPU: Embedded 33 pages/cpu @ffff88003fc00000 s95448 r8192 d31528 u1048576
[    0.000000] Built 1 zonelists in Node order, mobility grouping on.  Total pages: 257912
[    0.000000] Policy zone: DMA32
[    0.000000] Kernel command line: BOOT_IMAGE=/boot/vmlinuz-4.4.0-173-generic root=LABEL=cloudimg-rootfs ro console=tty1 console=ttyS0
[    0.000000] PID hash table entries: 4096 (order: 3, 32768 bytes)
[    0.000000] Memory: 997124K/1048120K available (8626K kernel code, 1336K rwdata, 4032K rodata, 1488K init, 1292K bss, 50996K reserved, 0K cma-reserved)
[    0.000000] SLUB: HWalign=64, Order=0-3, MinObjects=0, CPUs=2, Nodes=1
[    0.000000] Kernel/User page tables isolation: enabled
[    0.000000] Hierarchical RCU implementation.
[    0.000000] 	Build-time adjustment of leaf fanout to 64.
[    0.000000] 	RCU restricting CPUs from NR_CPUS=512 to nr_cpu_ids=2.
[    0.000000] RCU: Adjusting geometry for rcu_fanout_leaf=64, nr_cpu_ids=2
[    0.000000] NR_IRQS:33024 nr_irqs:440 16
[    0.000000] Console: colour VGA+ 80x25
[    0.000000] console [tty1] enabled
[    0.000000] console [ttyS0] enabled
[    0.000000] tsc: Detected 2712.002 MHz processor
[    0.615925] Calibrating delay loop (skipped) preset value.. 5424.00 BogoMIPS (lpj=10848008)
[    0.621067] pid_max: default: 32768 minimum: 301
[    0.626747] ACPI: Core revision 20150930
[    0.633282] ACPI: 2 ACPI AML tables successfully acquired and loaded
[    0.636363] Security Framework initialized
[    0.638314] Yama: becoming mindful.
[    0.640335] AppArmor: AppArmor initialized
[    0.642867] Dentry cache hash table entries: 131072 (order: 8, 1048576 bytes)
[    0.649211] Inode-cache hash table entries: 65536 (order: 7, 524288 bytes)
[    0.653189] Mount-cache hash table entries: 2048 (order: 2, 16384 bytes)
[    0.658827] Mountpoint-cache hash table entries: 2048 (order: 2, 16384 bytes)
[    0.662929] Initializing cgroup subsys io
[    0.667513] Initializing cgroup subsys memory
[    0.670431] Initializing cgroup subsys devices
[    0.672352] Initializing cgroup subsys freezer
[    0.677486] Initializing cgroup subsys net_cls
[    0.679571] Initializing cgroup subsys perf_event
[    0.681935] Initializing cgroup subsys net_prio
[    0.685578] Initializing cgroup subsys hugetlb
[    0.690224] Initializing cgroup subsys pids
[    0.694779] mce: CPU supports 0 MCE banks
[    0.698241] Last level iTLB entries: 4KB 64, 2MB 8, 4MB 8
[    0.700594] Last level dTLB entries: 4KB 64, 2MB 0, 4MB 0, 1GB 4
[    0.703107] Spectre V1 : Mitigation: usercopy/swapgs barriers and __user pointer sanitization
[    0.707564] Spectre V2 : Mitigation: Full generic retpoline
[    0.709940] Spectre V2 : Spectre v2 / SpectreRSB mitigation: Filling RSB on context switch
[    0.716218] Speculative Store Bypass: Vulnerable
[    0.718680] MDS: Vulnerable: Clear CPU buffers attempted, no microcode
[    0.731153] Freeing SMP alternatives memory: 36K
[    0.749751] ftrace: allocating 32304 entries in 127 pages
[    0.977732] smpboot: APIC(0) Converting physical 0 to logical package 0
[    0.983613] smpboot: Max logical packages: 1
[    0.991605] x2apic enabled
[    0.995109] Switched APIC routing to physical x2apic.
[    1.001442] ..TIMER: vector=0x30 apic1=0 pin1=2 apic2=-1 pin2=-1
[    1.112287] smpboot: CPU0: Intel(R) Core(TM) i5-7200U CPU @ 2.50GHz (family: 0x6, model: 0x8e, stepping: 0x9)
[    1.118552] Performance Events: unsupported p6 CPU model 142 no PMU driver, software events only.
[    1.146733] KVM setup paravirtual spinlock
[    1.150438] x86: Booting SMP configuration:
[    1.154950] .... node  #0, CPUs:      #1
[    1.157828] kvm-clock: cpu 1, msr 0:3ffe3041, secondary cpu clock
[    1.160721] mce: CPU supports 0 MCE banks
[    1.166518] x86: Booted up 1 node, 2 CPUs
[    1.169245] smpboot: Total of 2 processors activated (10848.00 BogoMIPS)
[    1.173671] devtmpfs: initialized
[    1.178899] evm: security.selinux
[    1.180973] evm: security.SMACK64
[    1.183099] evm: security.SMACK64EXEC
[    1.184907] evm: security.SMACK64TRANSMUTE
[    1.186983] evm: security.SMACK64MMAP
[    1.189064] evm: security.ima
[    1.190783] evm: security.capability
[    1.193024] clocksource: jiffies: mask: 0xffffffff max_cycles: 0xffffffff, max_idle_ns: 7645041785100000 ns
[    1.197025] futex hash table entries: 512 (order: 3, 32768 bytes)
[    1.199659] pinctrl core: initialized pinctrl subsystem
[    1.202317] RTC time: 10:25:50, date: 02/18/20
[    1.204919] NET: Registered protocol family 16
[    1.221694] cpuidle: using governor ladder
[    1.238374] cpuidle: using governor menu
[    1.241430] PCCT header not found.
[    1.243249] ACPI: bus type PCI registered
[    1.245065] acpiphp: ACPI Hot Plug PCI Controller Driver version: 0.5
[    1.247850] PCI: Using configuration type 1 for base access
[    1.262053] ACPI: Added _OSI(Module Device)
[    1.264288] ACPI: Added _OSI(Processor Device)
[    1.266439] ACPI: Added _OSI(3.0 _SCP Extensions)
[    1.268886] ACPI: Added _OSI(Processor Aggregator Device)
[    1.272260] ACPI: Executed 1 blocks of module-level executable AML code
[    1.283892] ACPI: Interpreter enabled
[    1.285900] ACPI: (supports S0 S5)
[    1.287588] ACPI: Using IOAPIC for interrupt routing
[    1.291640] PCI: Using host bridge windows from ACPI; if necessary, use "pci=nocrs" and report a bug
[    1.309363] ACPI: PCI Root Bridge [PCI0] (domain 0000 [bus 00-ff])
[    1.311700] acpi PNP0A03:00: _OSC: OS supports [ASPM ClockPM Segments MSI]
[    1.314835] acpi PNP0A03:00: _OSC: not requesting OS control; OS requires [ExtendedConfig ASPM ClockPM MSI]
[    1.319492] acpi PNP0A03:00: fail to add MMCONFIG information, can't access extended PCI configuration space under this bridge.
[    1.329529] PCI host bridge to bus 0000:00
[    1.331359] pci_bus 0000:00: root bus resource [io  0x0000-0x0cf7 window]
[    1.333796] pci_bus 0000:00: root bus resource [io  0x0d00-0xffff window]
[    1.336472] pci_bus 0000:00: root bus resource [mem 0x000a0000-0x000bffff window]
[    1.340580] pci_bus 0000:00: root bus resource [mem 0x40000000-0xfdffffff window]
[    1.344411] pci_bus 0000:00: root bus resource [bus 00-ff]
[    1.353266] pci 0000:00:01.1: legacy IDE quirk: reg 0x10: [io  0x01f0-0x01f7]
[    1.356766] pci 0000:00:01.1: legacy IDE quirk: reg 0x14: [io  0x03f6]
[    1.361334] pci 0000:00:01.1: legacy IDE quirk: reg 0x18: [io  0x0170-0x0177]
[    1.365247] pci 0000:00:01.1: legacy IDE quirk: reg 0x1c: [io  0x0376]
[    1.453531] pci 0000:00:07.0: quirk: [io  0x4000-0x403f] claimed by PIIX4 ACPI
[    1.457431] pci 0000:00:07.0: quirk: [io  0x4100-0x410f] claimed by PIIX4 SMB
[    1.484694] ACPI: PCI Interrupt Link [LNKA] (IRQs 5 9 10 *11)
[    1.488703] ACPI: PCI Interrupt Link [LNKB] (IRQs 5 9 *10 11)
[    1.493005] ACPI: PCI Interrupt Link [LNKC] (IRQs 5 *9 10 11)
[    1.497960] ACPI: PCI Interrupt Link [LNKD] (IRQs 5 9 10 *11)
[    1.506498] ACPI: Enabled 2 GPEs in block 00 to 07
[    1.509690] vgaarb: setting as boot device: PCI:0000:00:02.0
[    1.511830] vgaarb: device added: PCI:0000:00:02.0,decodes=io+mem,owns=io+mem,locks=none
[    1.515240] vgaarb: loaded
[    1.516636] vgaarb: bridge control possible 0000:00:02.0
[    1.519246] SCSI subsystem initialized
[    1.521029] ACPI: bus type USB registered
[    1.523025] usbcore: registered new interface driver usbfs
[    1.525436] usbcore: registered new interface driver hub
[    1.527434] usbcore: registered new device driver usb
[    1.529739] PCI: Using ACPI for IRQ routing
[    1.532426] NetLabel: Initializing
[    1.535091] NetLabel:  domain hash size = 128
[    1.537920] NetLabel:  protocols = UNLABELED CIPSOv4
[    1.542949] NetLabel:  unlabeled traffic allowed by default
[    1.545422] amd_nb: Cannot enumerate AMD northbridges
[    1.547611] clocksource: Switched to clocksource kvm-clock
[    1.568919] AppArmor: AppArmor Filesystem Enabled
[    1.572604] pnp: PnP ACPI init
[    1.576674] pnp: PnP ACPI: found 3 devices
[    1.598865] clocksource: acpi_pm: mask: 0xffffff max_cycles: 0xffffff, max_idle_ns: 2085701024 ns
[    1.602905] NET: Registered protocol family 2
[    1.604893] TCP established hash table entries: 8192 (order: 4, 65536 bytes)
[    1.607630] TCP bind hash table entries: 8192 (order: 5, 131072 bytes)
[    1.610462] TCP: Hash tables configured (established 8192 bind 8192)
[    1.613181] UDP hash table entries: 512 (order: 2, 16384 bytes)
[    1.615685] UDP-Lite hash table entries: 512 (order: 2, 16384 bytes)
[    1.618527] NET: Registered protocol family 1
[    1.620496] pci 0000:00:00.0: Limiting direct PCI/PCI transfers
[    1.624478] pci 0000:00:01.0: Activating ISA DMA hang workarounds
[    1.629664] Unpacking initramfs...
[    2.158973] Freeing initrd memory: 15428K
[    2.165877] clocksource: tsc: mask: 0xffffffffffffffff max_cycles: 0x2717880cafa, max_idle_ns: 440795252614 ns
[    2.179257] platform rtc_cmos: registered platform RTC device (no PNP device found)
[    2.188930] Scanning for low memory corruption every 60 seconds
[    2.195780] audit: initializing netlink subsys (disabled)
[    2.197659] audit: type=2000 audit(1582021556.898:1): initialized
[    2.199923] Initialise system trusted keyring
[    2.202002] HugeTLB registered 2 MB page size, pre-allocated 0 pages
[    2.206123] zbud: loaded
[    2.208197] VFS: Disk quotas dquot_6.6.0
[    2.209808] VFS: Dquot-cache hash table entries: 512 (order 0, 4096 bytes)
[    2.212517] squashfs: version 4.0 (2009/01/31) Phillip Lougher
[    2.218197] fuse init (API version 7.23)
[    2.222468] Key type big_key registered
[    2.230329] Allocating IMA MOK and blacklist keyrings.
[    2.237615] Key type asymmetric registered
[    2.239582] Asymmetric key parser 'x509' registered
[    2.241646] Block layer SCSI generic (bsg) driver version 0.4 loaded (major 249)
[    2.244558] io scheduler noop registered
[    2.245960] io scheduler deadline registered (default)
[    2.248979] io scheduler cfq registered
[    2.250512] pci_hotplug: PCI Hot Plug PCI Core version: 0.5
[    2.252454] pciehp: PCI Express Hot Plug Controller Driver version: 0.4
[    2.254803] ACPI: AC Adapter [AC] (off-line)
[    2.257118] input: Power Button as /devices/LNXSYSTM:00/LNXPWRBN:00/input/input0
[    2.260625] ACPI: Power Button [PWRF]
[    2.265338] input: Sleep Button as /devices/LNXSYSTM:00/LNXSLPBN:00/input/input1
[    2.275903] ACPI: Sleep Button [SLPF]
[    2.279764] GHES: HEST is not enabled!
[    2.280209] ACPI: Battery Slot [BAT0] (battery present)
[    2.283163] Serial: 8250/16550 driver, 32 ports, IRQ sharing enabled
[    2.308131] 00:02: ttyS0 at I/O 0x3f8 (irq = 4, base_baud = 115200) is a 16550A
[    2.321839] Linux agpgart interface v0.103
[    2.328528] loop: module loaded
[    2.332145] scsi host0: ata_piix
[    2.334159] scsi host1: ata_piix
[    2.335779] ata1: PATA max UDMA/33 cmd 0x1f0 ctl 0x3f6 bmdma 0xd000 irq 14
[    2.338611] ata2: PATA max UDMA/33 cmd 0x170 ctl 0x376 bmdma 0xd008 irq 15
[    2.341712] libphy: Fixed MDIO Bus: probed
[    2.345551] tun: Universal TUN/TAP device driver, 1.6
[    2.347439] tun: (C) 1999-2004 Max Krasnyansky <maxk@qualcomm.com>
[    2.350071] PPP generic driver version 2.4.2
[    2.352717] ehci_hcd: USB 2.0 'Enhanced' Host Controller (EHCI) Driver
[    2.355468] ehci-pci: EHCI PCI platform driver
[    2.357622] ehci-platform: EHCI generic platform driver
[    2.359768] ohci_hcd: USB 1.1 'Open' Host Controller (OHCI) Driver
[    2.361868] ohci-pci: OHCI PCI platform driver
[    2.363807] ohci-platform: OHCI generic platform driver
[    2.365868] uhci_hcd: USB Universal Host Controller Interface driver
[    2.368611] i8042: PNP: PS/2 Controller [PNP0303:PS2K,PNP0f03:PS2M] at 0x60,0x64 irq 1,12
[    2.372922] serio: i8042 KBD port at 0x60,0x64 irq 1
[    2.375268] serio: i8042 AUX port at 0x60,0x64 irq 12
[    2.377653] mousedev: PS/2 mouse device common for all mice
[    2.380994] input: AT Translated Set 2 keyboard as /devices/platform/i8042/serio0/input/input2
[    2.385745] rtc_cmos rtc_cmos: rtc core: registered rtc_cmos as rtc0
[    2.388141] rtc_cmos rtc_cmos: alarms up to one day, 114 bytes nvram
[    2.391755] i2c /dev entries driver
[    2.393566] device-mapper: uevent: version 1.0.3
[    2.395618] device-mapper: ioctl: 4.34.0-ioctl (2015-10-28) initialised: dm-devel@redhat.com
[    2.399228] ledtrig-cpu: registered to indicate activity on CPUs
[    2.403780] NET: Registered protocol family 10
[    2.407736] NET: Registered protocol family 17
[    2.409532] Key type dns_resolver registered
[    2.412571] registered taskstats version 1
[    2.414585] Loading compiled-in X.509 certificates
[    2.417865] Loaded X.509 cert 'Build time autogenerated kernel key: 4e6a82653c7e3a258f066f23f1954299de63b157'
[    2.422528] zswap: loaded using pool lzo/zbud
[    2.429621] Key type trusted registered
[    2.438947] Key type encrypted registered
[    2.442048] AppArmor: AppArmor sha1 policy hashing enabled
[    2.444500] ima: No TPM chip found, activating TPM-bypass!
[    2.447030] ima: Allocated hash algorithm: sha1
[    2.449470] evm: HMAC attrs: 0x1
[    2.451889]   Magic number: 8:760:426
[    2.454034] rtc_cmos rtc_cmos: setting system clock to 2020-02-18 10:25:51 UTC (1582021551)
[    2.458847] BIOS EDD facility v0.16 2004-Jun-25, 0 devices found
[    2.461236] EDD information not available.
[    2.534428] Freeing unused kernel memory: 1488K
[    2.537261] Write protecting the kernel read-only data: 14336k
[    2.542603] Freeing unused kernel memory: 1604K
[    2.546729] Freeing unused kernel memory: 64K
Loading, please wait...
starting version 229
[    2.581806] random: systemd-udevd: uninitialized urandom read (16 bytes read, 5 bits of entropy available)
[    2.582688] random: udevadm: uninitialized urandom read (16 bytes read, 5 bits of entropy available)
[    2.582723] random: udevadm: uninitialized urandom read (16 bytes read, 5 bits of entropy available)
[    2.598201] random: systemd-udevd: uninitialized urandom read (16 bytes read, 5 bits of entropy available)
[    2.601235] random: udevadm: uninitialized urandom read (16 bytes read, 5 bits of entropy available)
[    2.601290] random: udevadm: uninitialized urandom read (16 bytes read, 5 bits of entropy available)
[    2.601465] random: udevadm: uninitialized urandom read (16 bytes read, 5 bits of entropy available)
[    2.601527] random: udevadm: uninitialized urandom read (16 bytes read, 5 bits of entropy available)
[    2.601584] random: udevadm: uninitialized urandom read (16 bytes read, 5 bits of entropy available)
[    2.601697] random: udevadm: uninitialized urandom read (16 bytes read, 5 bits of entropy available)
[    2.738529] e1000: Intel(R) PRO/1000 Network Driver - version 7.3.21-k8-NAPI
[    2.745431] e1000: Copyright (c) 1999-2006 Intel Corporation.
[    2.781634] Fusion MPT base driver 3.04.20
[    2.784922] Copyright (c) 1999-2008 LSI Corporation
[    2.808809] AVX2 version of gcm_enc/dec engaged.
[    2.814379] AES CTR mode by8 optimization enabled
[    2.826734] Fusion MPT SPI Host driver 3.04.20
[    2.966258] input: ImExPS/2 Generic Explorer Mouse as /devices/platform/i8042/serio1/input/input4
[    3.441772] e1000 0000:00:03.0 eth0: (PCI:33MHz:32-bit) 02:bb:f4:57:e9:87
[    3.443856] e1000 0000:00:03.0 eth0: Intel(R) PRO/1000 Network Connection
[    3.448131] mptbase: ioc0: Initiating bringup
[    3.512922] ioc0: LSI53C1030 A0: Capabilities={Initiator}
[    3.678732] scsi host2: ioc0: LSI53C1030 A0, FwRev=00000000h, Ports=1, MaxQ=256, IRQ=20
[    3.797059] scsi 2:0:0:0: Direct-Access     VBOX     HARDDISK         1.0  PQ: 0 ANSI: 5
[    3.801789] scsi target2:0:0: Beginning Domain Validation
[    3.805937] scsi target2:0:0: Domain Validation skipping write tests
[    3.809206] scsi target2:0:0: Ending Domain Validation
[    3.812213] scsi target2:0:0: asynchronous
[    3.814573] scsi 2:0:1:0: Direct-Access     VBOX     HARDDISK         1.0  PQ: 0 ANSI: 5
[    3.818859] scsi target2:0:1: Beginning Domain Validation
[    3.822441] scsi target2:0:1: Domain Validation skipping write tests
[    3.824567] scsi target2:0:1: Ending Domain Validation
[    3.826353] scsi target2:0:1: asynchronous
[    3.853129] sd 2:0:0:0: Attached scsi generic sg0 type 0
[    3.893246] sd 2:0:0:0: [sda] 20971520 512-byte logical blocks: (10.7 GB/10.0 GiB)
[    3.899018] sd 2:0:0:0: [sda] Write Protect is off
[    3.901391] sd 2:0:0:0: [sda] Incomplete mode parameter data
[    3.903673] sd 2:0:0:0: [sda] Assuming drive cache: write through
[    3.908450] sd 2:0:1:0: Attached scsi generic sg1 type 0
[    3.911222]  sda: sda1
[    3.915262] sd 2:0:1:0: [sdb] 20480 512-byte logical blocks: (10.5 MB/10.0 MiB)
[    3.919143] sd 2:0:1:0: [sdb] Write Protect is off
[    3.921378] sd 2:0:0:0: [sda] Attached SCSI disk
[    3.923619] sd 2:0:1:0: [sdb] Incomplete mode parameter data
[    3.925621] sd 2:0:1:0: [sdb] Assuming drive cache: write through
[    3.932822] sd 2:0:1:0: [sdb] Attached SCSI disk
[    4.444523] e1000 0000:00:08.0 eth1: (PCI:33MHz:32-bit) 08:00:27:aa:5b:ac
[    4.447641] e1000 0000:00:08.0 eth1: Intel(R) PRO/1000 Network Connection
[    4.453996] e1000 0000:00:03.0 enp0s3: renamed from eth0
[    4.588303] e1000 0000:00:08.0 enp0s8: renamed from eth1
Begin: Loading essential drivers ... [    7.352848] md: linear personality registered for level -1
[    7.360376] md: multipath personality registered for level -4
[    7.365778] md: raid0 personality registered for level 0
[    7.376586] md: raid1 personality registered for level 1
[    7.484183] raid6: sse2x1   gen()  2430 MB/s
[    7.552065] raid6: sse2x1   xor()  3102 MB/s
[    7.619935] raid6: sse2x2   gen()  4442 MB/s
[    7.687992] raid6: sse2x2   xor()  3320 MB/s
[    7.756178] raid6: sse2x4   gen()  5451 MB/s
[    7.828631] raid6: sse2x4   xor()  3771 MB/s
[    7.900359] raid6: avx2x1   gen()  7067 MB/s
[    7.967756] raid6: avx2x2   gen()  8945 MB/s
[    8.035857] raid6: avx2x4   gen()  9553 MB/s
[    8.038318] raid6: using algorithm avx2x4 gen() 9553 MB/s
[    8.040745] raid6: using avx2x2 recovery algorithm
[    8.045744] xor: automatically using best checksumming function:
[    8.088089]    avx       : 11900.000 MB/sec
[    8.094203] async_tx: api initialized (async)
[    8.119582] md: raid6 personality registered for level 6
[    8.122663] md: raid5 personality registered for level 5
[    8.126216] md: raid4 personality registered for level 4
[    8.148429] md: raid10 personality registered for level 10
done.
Begin: Running /scripts/init-premount ... done.
Begin: Mounting root file system ... Begin: Running /scripts/local-top ... done.
Begin: Running /scripts/local-premount ... [    8.230152] Btrfs loaded
Scanning for Btrfs filesystems
done.
Warning: fsck not present, so skipping root file system
[    8.283174] EXT4-fs (sda1): mounted filesystem with ordered data mode. Opts: (null)
done.
Begin: Running /scripts/local-bottom ... done.
Begin: Running /scripts/init-bottom ... done.
[    8.482630] systemd[1]: systemd 229 running in system mode. (+PAM +AUDIT +SELINUX +IMA +APPARMOR +SMACK +SYSVINIT +UTMP +LIBCRYPTSETUP +GCRYPT +GNUTLS +ACL +XZ -LZ4 +SECCOMP +BLKID +ELFUTILS +KMOD -IDN)
[    8.490179] systemd[1]: Detected virtualization oracle.
[    8.493727] systemd[1]: Detected architecture x86-64.

Welcome to [1mUbuntu 16.04.6 LTS[0m!

[    8.499949] systemd[1]: Set hostname to <ubuntu-xenial>.
[    8.834889] systemd[1]: Started Forward Password Requests to Wall Directory Watch.
[[0;32m  OK  [0m] Started Forward Password Requests to Wall Directory Watch.
[    8.840228] systemd[1]: Listening on Syslog Socket.
[[0;32m  OK  [0m] Listening on Syslog Socket.
[    8.844216] systemd[1]: Listening on LVM2 poll daemon socket.
[[0;32m  OK  [0m] Listening on LVM2 poll daemon socket.
[    8.848436] systemd[1]: Reached target Swap.
[[0;32m  OK  [0m] Reached target Swap.
[    8.860466] systemd[1]: Listening on Journal Socket (/dev/log).
[[0;32m  OK  [0m] Listening on Journal Socket (/dev/log).
[    8.864433] systemd[1]: Listening on LVM2 metadata daemon socket.
[[0;32m  OK  [0m] Listening on LVM2 metadata daemon socket.
[    8.876795] systemd[1]: Reached target System Time Synchronized.
[[0;32m  OK  [0m] Reached target System Time Synchronized.
[    8.881570] systemd[1]: Listening on udev Control Socket.
[[0;32m  OK  [0m] Listening on udev Control Socket.
[    8.885345] systemd[1]: Listening on Device-mapper event daemon FIFOs.
[[0;32m  OK  [0m] Listening on Device-mapper event daemon FIFOs.
[    8.889571] systemd[1]: Reached target Encrypted Volumes.
[[0;32m  OK  [0m] Reached target Encrypted Volumes.
[    8.892894] systemd[1]: Listening on udev Kernel Socket.
[[0;32m  OK  [0m] Listening on udev Kernel Socket.
[    8.896715] systemd[1]: Started Trigger resolvconf update for networkd DNS.
[[0;32m  OK  [0m] Started Trigger resolvconf update for networkd DNS.
[    8.900889] systemd[1]: Listening on Journal Audit Socket.
[[0;32m  OK  [0m] Listening on Journal Audit Socket.
[    8.907726] systemd[1]: Listening on /dev/initctl Compatibility Named Pipe.
[[0;32m  OK  [0m] Listening on /dev/initctl Compatibility Named Pipe.
[    8.912841] systemd[1]: Set up automount Arbitrary Executable File Formats File System Automount Point.
[[0;32m  OK  [0m] Set up automount Arbitrary Executab...ats File System Automount Point.
[    8.918736] systemd[1]: Reached target User and Group Name Lookups.
[[0;32m  OK  [0m] Reached target User and Group Name Lookups.
[    8.927851] systemd[1]: Created slice System Slice.
[[0;32m  OK  [0m] Created slice System Slice.
[    8.932327] systemd[1]: Created slice system-serial\x2dgetty.slice.
[[0;32m  OK  [0m] Created slice system-serial\x2dgetty.slice.
[    8.936605] systemd[1]: Created slice User and Session Slice.
[[0;32m  OK  [0m] Created slice User and Session Slice.
[    8.940895] systemd[1]: Reached target Slices.
[[0;32m  OK  [0m] Reached target Slices.
[    8.944289] systemd[1]: Listening on Journal Socket.
[[0;32m  OK  [0m] Listening on Journal Socket.
[    8.960641] systemd[1]: Mounting Huge Pages File System...
         Mounting Huge Pages File System...
[    8.965838] systemd[1]: Mounting POSIX Message Queue File System...
         Mounting POSIX Message Queue File System...
[    8.981656] systemd[1]: Starting Uncomplicated firewall...
         Starting Uncomplicated firewall...
[    8.988358] systemd[1]: Starting Nameserver information manager...
         Starting Nameserver information manager...
[    8.994204] systemd[1]: Starting Journal Service...
         Starting Journal Service...
[    9.002048] systemd[1]: Starting Load Kernel Modules...
         Starting Load Kernel Modules...
[    9.007242] systemd[1]: Starting Set console keymap...
         Starting Set console keymap...
[    9.012343] systemd[1]: Mounting Debug File System...
         Mounting Debug File System...
[    9.023025] systemd[1]: Starting Create list of required static device nodes for the current kernel...
         Starting Create list of required st... nodes for the current kernel...
[    9.036770] systemd[1]: Starting Remount Root and Kernel File Systems...
[    9.041025] Loading iSCSI transport class v2.0-870.
         Starting Remount Root and Kernel File Systems...
[    9.046947] EXT4-fs (sda1): re-mounted. Opts: (null)
[    9.057778] systemd[1]: Starting Monitoring of LVM2 mirrors, snapshots etc. using dmeventd or progress polling...
         Starting Monitoring of LVM2 mirrors... dmeventd or progress polling...
[    9.080754] systemd[1]: Mounted POSIX Message Queue File System.
[[0;32m  OK  [0m] Mounted POSIX Message Queue File System.
[    9.088700] systemd[1]: Mounted Huge Pages File System.
[[0;32m  OK  [0m] Mounted Huge Pages File System.
[    9.092831] systemd[1]: Mounted Debug File System.
[[0;32m  OK  [0m] Mounted Debug File System.
[    9.104970] systemd[1]: Started Uncomplicated firewall.
[[0;32m  OK  [0m] Started Uncomplicated firewall.
[    9.112533] iscsi: registered transport (tcp)
[    9.129706] systemd[1]: Started Create list of required static device nodes for the current kernel.
[    9.138853] random: nonblocking pool is initialized
[[0;32m  OK  [0m] Started Create list of required sta...ce nodes for the current kernel.
[    9.147054] systemd[1]: Started Remount Root and Kernel File Systems.
[[0;32m  OK  [0m] Started Remount Root and Kernel File Systems.
[    9.157090] systemd[1]: Started Nameserver information manager.
[[0;32m  OK  [0m] Started Nameserver information manager.
[    9.167961] systemd[1]: Started Set console keymap.
[[0;32m  OK  [0m] Started Set console keymap.
[    9.174161] systemd[1]: Started Journal Service.
[[0;32m  OK  [0m] Started Journal Service.
[[0;32m  OK  [0m] Started LVM2 metadata daemon.
         Starting udev Coldplug all Devices...
         Starting Load/Save Random Seed...
         Starting Flush Journal to Persistent Storage...
         Starting Create Static Device Nodes in /dev...
[[0;32m  OK  [0m] Started Load/Save Random Seed.
[    9.236170] systemd-journald[386]: Received request to flush runtime journal from PID 1
[    9.243618] iscsi: registered transport (iser)
[[0;32m  OK  [0m] Started Load Kernel Modules.
         Mounting FUSE Control File System...
         Starting Apply Kernel Variables...
[[0;32m  OK  [0m] Mounted FUSE Control File System.
[[0;32m  OK  [0m] Started Flush Journal to Persistent Storage.
[[0;32m  OK  [0m] Started Create Static Device Nodes in /dev.
[[0;32m  OK  [0m] Started Apply Kernel Variables.
         Starting udev Kernel Device Manager...
[[0;32m  OK  [0m] Started udev Coldplug all Devices.
[[0;32m  OK  [0m] Started udev Kernel Device Manager.
[[0;32m  OK  [0m] Started Dispatch Password Requests to Console Directory Watch.
[[0;32m  OK  [0m] Started Monitoring of LVM2 mirrors,...ng dmeventd or progress polling.
[[0;32m  OK  [0m] Reached target Local File Systems (Pre).
[[0;32m  OK  [0m] Reached target Local File Systems.
         Starting LSB: AppArmor initialization...
         Starting Tell Plymouth To Write Out Runtime Data...
         Starting Create Volatile Files and Directories...
         Starting Initial cloud-init job (pre-networking)...
         Starting Set console font and keymap...
[[0;32m  OK  [0m] Started Tell Plymouth To Write Out Runtime Data.
[[0;32m  OK  [0m] Started Create Volatile Files and Directories.
         Starting Update UTMP about System Boot/Shutdown...
[[0;32m  OK  [0m] Started Update UTMP about System Boot/Shutdown.
[[0;32m  OK  [0m] Found device /dev/ttyS0.
[[0;32m  OK  [0m] Started LSB: AppArmor initialization.
[[0;32m  OK  [0m] Listening on Load/Save RF Kill Switch Status /dev/rfkill Watch.
[[0;32m  OK  [0m] Found device 82540EM Gigabit Ethern...r (PRO/1000 MT Desktop Adapter).
[[0;32m  OK  [0m] Found device 82540EM Gigabit Ethern...r (PRO/1000 MT Desktop Adapter).
[   11.581151] cloud-init[494]: Cloud-init v. 19.4-33-gbb4131a2-0ubuntu1~16.04.1 running 'init-local' at Tue, 18 Feb 2020 10:26:00 +0000. Up 10.55 seconds.
[[0;32m  OK  [0m] Started Initial cloud-init job (pre-networking).
[[0;32m  OK  [0m] Reached target Network (Pre).
         Starting Raise network interfaces...
[[0;32m  OK  [0m] Started ifup for enp0s3.
[[0;32m  OK  [0m] Started ifup for enp0s8.
[[0;32m  OK  [0m] Started Set console font and keymap.
[[0;32m  OK  [0m] Created slice system-getty.slice.
[[0;32m  OK  [0m] Started Raise network interfaces.
[[0;32m  OK  [0m] Reached target Network.
         Starting Initial cloud-init job (metadata service crawler)...
[   15.145688] cloud-init[1085]: Cloud-init v. 19.4-33-gbb4131a2-0ubuntu1~16.04.1 running 'init' at Tue, 18 Feb 2020 10:26:04 +0000. Up 14.09 seconds.
[   15.150304] cloud-init[1085]: ci-info: ++++++++++++++++++++++++++++++++++++++Net device info+++++++++++++++++++++++++++++++++++++++
[   15.153301] cloud-init[1085]: ci-info: +--------+------+-----------------------------+---------------+--------+-------------------+
[   15.164801] cloud-init[1085]: ci-info: | Device |  Up  |           Address           |      Mask     | Scope  |     Hw-Address    |
[   15.168707] cloud-init[1085]: ci-info: +--------+------+-----------------------------+---------------+--------+-------------------+
[   15.173303] cloud-init[1085]: ci-info: | enp0s3 | True |          10.0.2.15          | 255.255.255.0 | global | 02:bb:f4:57:e9:87 |
[   15.185416] cloud-init[1085]: ci-info: | enp0s3 | True |  fe80::bb:f4ff:fe57:e987/64 |       .       |  link  | 02:bb:f4:57:e9:87 |
[   15.196995] cloud-init[1085]: ci-info: | enp0s8 | True |        192.168.10.100       | 255.255.255.0 | global | 08:00:27:aa:5b:ac |
[   15.203281] cloud-init[1085]: ci-info: | enp0s8 | True | fe80::a00:27ff:feaa:5bac/64 |       .       |  link  | 08:00:27:aa:5b:ac |
[   15.206325] cloud-init[1085]: ci-info: |   lo   | True |          127.0.0.1          |   255.0.0.0   |  host  |         .         |
[   15.209052] cloud-init[1085]: ci-info: |   lo   | True |           ::1/128           |       .       |  host  |         .         |
[   15.211747] cloud-init[1085]: ci-info: +--------+------+-----------------------------+---------------+--------+-------------------+
[   15.214548] cloud-init[1085]: ci-info: ++++++++++++++++++++++++++++Route IPv4 info++++++++++++++++++++++++++++
[   15.217168] cloud-init[1085]: ci-info: +-------+--------------+----------+---------------+-----------+-------+
[   15.224858] cloud-init[1085]: ci-info: | Route | Destination  | Gateway  |    Genmask    | Interface | Flags |
[   15.227645] cloud-init[1085]: ci-info: +-------+--------------+----------+---------------+-----------+-------+
[   15.234459] cloud-init[1085]: ci-info: |   0   |   0.0.0.0    | 10.0.2.2 |    0.0.0.0    |   enp0s3  |   UG  |
[   15.238957] cloud-init[1085]: ci-info: |   1   |   10.0.2.0   | 0.0.0.0  | 255.255.255.0 |   enp0s3  |   U   |
[   15.242917] cloud-init[1085]: ci-info: |   2   | 192.168.10.0 | 0.0.0.0  | 255.255.255.0 |   enp0s8  |   U   |
[   15.252800] cloud-init[1085]: ci-info: +-------+--------------+----------+---------------+-----------+-------+
[   15.256088] cloud-init[1085]: ci-info: +++++++++++++++++++Route IPv6 info+++++++++++++++++++
[   15.262827] cloud-init[1085]: ci-info: +-------+-------------+---------+-----------+-------+
[   15.265058] cloud-init[1085]: ci-info: | Route | Destination | Gateway | Interface | Flags |
[   15.271905] cloud-init[1085]: ci-info: +-------+-------------+---------+-----------+-------+
[   15.275583] cloud-init[1085]: ci-info: |   0   |  fe80::/64  |    ::   |   enp0s3  |   U   |
[   15.279147] cloud-init[1085]: ci-info: |   1   |  fe80::/64  |    ::   |   enp0s8  |   U   |
[   15.285255] cloud-init[1085]: ci-info: |   6   |   ff00::/8  |    ::   |   enp0s3  |   U   |
[   15.287795] cloud-init[1085]: ci-info: |   7   |   ff00::/8  |    ::   |   enp0s8  |   U   |
[   15.289683] cloud-init[1085]: ci-info: +-------+-------------+---------+-----------+-------+
[[0;32m  OK  [0m] Started Initial cloud-init job (metadata service crawler).
[[0;32m  OK  [0m] Reached target System Initialization.
[[0;32m  OK  [0m] Listening on D-Bus System Message Bus Socket.
[[0;32m  OK  [0m] Started Daily Cleanup of Temporary Directories.
         Starting Socket activation for snappy daemon.
[[0;32m  OK  [0m] Listening on ACPID Listen Socket.
[[0;32m  OK  [0m] Listening on UUID daemon activation socket.
[[0;32m  OK  [0m] Started Daily apt download activities.
[[0;32m  OK  [0m] Started Daily apt upgrade and clean activities.
[[0;32m  OK  [0m] Started ACPI Events Check.
[[0;32m  OK  [0m] Reached target Paths.
         Starting LXD - unix socket.
[[0;32m  OK  [0m] Started Clean PHP session files every 30 mins.
[[0;32m  OK  [0m] Started Message of the Day.
[[0;32m  OK  [0m] Reached target Timers.
[[0;32m  OK  [0m] Reached target Cloud-config availability.
[[0;32m  OK  [0m] Reached target Network is Online.
         Starting iSCSI initiator daemon (iscsid)...
[[0;32m  OK  [0m] Listening on Socket activation for snappy daemon.
[[0;32m  OK  [0m] Listening on LXD - unix socket.
[[0;32m  OK  [0m] Reached target Sockets.
[[0;32m  OK  [0m] Reached target Basic System.
         Starting MySQL Community Server...
         Starting LXD - container startup/shutdown...
         Starting The PHP 7.0 FastCGI Process Manager...
         Starting Virtualbox guest utils...
[[0;32m  OK  [0m] Started ACPI event daemon.
         Starting LSB: MD monitoring daemon...
         Starting Pollinate to seed the pseudo random number generator...
         Starting Login Service...
[[0;32m  OK  [0m] Started D-Bus System Message Bus.
         Starting LSB: Record successful boot for GRUB...
[[0;32m  OK  [0m] Started FUSE filesystem for LXC.
         Starting Accounts Service...
         Starting System Logging Service...
[[0;32m  OK  [0m] Started Regular background program processing daemon.
         Starting /etc/rc.local Compatibility...
[[0;32m  OK  [0m] Started Deferred execution scheduler.
         Starting Snappy daemon...
[[0;32m  OK  [0m] Started iSCSI initiator daemon (iscsid).
[[0;32m  OK  [0m] Started /etc/rc.local Compatibility.
         Starting Login to default iSCSI targets...
[[0;32m  OK  [0m] Started Login Service.
[[0;32m  OK  [0m] Started Unattended Upgrades Shutdown.
[[0;32m  OK  [0m] Started LSB: MD monitoring daemon.
[[0;32m  OK  [0m] Started System Logging Service.
[[0;32m  OK  [0m] Started Login to default iSCSI targets.
[[0;32m  OK  [0m] Reached target Remote File Systems (Pre).
[[0;32m  OK  [0m] Reached target Remote File Systems.
         Starting LSB: Set the CPU Frequency Scaling governor to "ondemand"...
         Starting LSB: daemon to balance interrupts for SMP systems...
         Starting LSB: automatic crash report generation...
         Starting Permit User Sessions...
         Starting LSB: Apache2 web server...
[[0;32m  OK  [0m] Started Permit User Sessions.
         Starting Terminate Plymouth Boot Screen...
         Starting Hold until boot process finishes up...
[[0;32m  OK  [0m] Started Hold until boot process finishes up.
[[0;32m  OK  [0m] Started Terminate Plymouth Boot Screen.
         Starting Set console scheme...
[[0;32m  OK  [0m] Started Getty on tty1.
[[0;32m  OK  [0m] Started Serial Getty on ttyS0.
[[0;32m  OK  [0m] Reached target Login Prompts.
[[0;32m  OK  [0m] Started LXD - container startup/shutdown.
[[0;32m  OK  [0m] Started Set console scheme.
[[0;32m  OK  [0m] Started LSB: Record successful boot for GRUB.
[[0;32m  OK  [0m] Started LSB: Set the CPU Frequency Scaling governor to "ondemand".
         Starting Authenticate and Authorize Users to Run Privileged Tasks...
[[0;32m  OK  [0m] Started LSB: daemon to balance interrupts for SMP systems.
[[0;32m  OK  [0m] Started LSB: automatic crash report generation.
[[0;32m  OK  [0m] Started Virtualbox guest utils.
[[0;32m  OK  [0m] Started Authenticate and Authorize Users to Run Privileged Tasks.
[[0;32m  OK  [0m] Started Accounts Service.
[[0;32m  OK  [0m] Started Snappy daemon.
         Starting Wait until snapd is fully seeded...
[[0;32m  OK  [0m] Started The PHP 7.0 FastCGI Process Manager.
[[0;32m  OK  [0m] Started Wait until snapd is fully seeded.
         Starting Apply the settings specified in cloud-config...
[[0;32m  OK  [0m] Started LSB: Apache2 web server.
[[0;32m  OK  [0m] Started MySQL Community Server.
[   18.324139] cloud-init[1421]: Cloud-init v. 19.4-33-gbb4131a2-0ubuntu1~16.04.1 running 'modules:config' at Tue, 18 Feb 2020 10:26:07 +0000. Up 17.97 seconds.
[[0;32m  OK  [0m] Started Apply the settings specified in cloud-config.

Ubuntu 16.04.6 LTS ubuntu-xenial ttyS0

ubuntu-xenial login: [   28.698799] cloud-init[1495]: Cloud-init v. 19.4-33-gbb4131a2-0ubuntu1~16.04.1 running 'modules:final' at Tue, 18 Feb 2020 10:26:18 +0000. Up 28.32 seconds.
[   28.699618] cloud-init[1495]: Cloud-init v. 19.4-33-gbb4131a2-0ubuntu1~16.04.1 finished at Tue, 18 Feb 2020 10:26:18 +0000. Datasource DataSourceNoCloud [seed=/dev/sdb][dsmode=net].  Up 28.67 seconds
