[    0.000000] Initializing cgroup subsys cpuset
[    0.000000] Initializing cgroup subsys cpu
[    0.000000] Initializing cgroup subsys cpuacct
[    0.000000] Linux version 4.4.0-173-generic (buildd@lgw01-amd64-037) (gcc version 5.4.0 20160609 (Ubuntu 5.4.0-6ubuntu1~16.04.12) ) #203-Ubuntu SMP Wed Jan 15 02:55:01 UTC 2020 (Ubuntu 4.4.0-173.203-generic 4.4.208)
[    0.000000] Command line: BOOT_IMAGE=/boot/vmlinuz-4.4.0-173-generic root=LABEL=cloudimg-rootfs ro console=tty1 console=ttyS0
[    0.000000] KERNEL supported cpus:
[    0.000000]   Intel GenuineIntel
[    0.000000]   AMD AuthenticAMD
[    0.000000]   Centaur CentaurHauls
[    0.000000] x86/fpu: xstate_offset[2]:  576, xstate_sizes[2]:  256
[    0.000000] x86/fpu: Supporting XSAVE feature 0x01: 'x87 floating point registers'
[    0.000000] x86/fpu: Supporting XSAVE feature 0x02: 'SSE registers'
[    0.000000] x86/fpu: Supporting XSAVE feature 0x04: 'AVX registers'
[    0.000000] x86/fpu: Enabled xstate features 0x7, context size is 832 bytes, using 'standard' format.
[    0.000000] e820: BIOS-provided physical RAM map:
[    0.000000] BIOS-e820: [mem 0x0000000000000000-0x000000000009fbff] usable
[    0.000000] BIOS-e820: [mem 0x000000000009fc00-0x000000000009ffff] reserved
[    0.000000] BIOS-e820: [mem 0x00000000000f0000-0x00000000000fffff] reserved
[    0.000000] BIOS-e820: [mem 0x0000000000100000-0x000000003ffeffff] usable
[    0.000000] BIOS-e820: [mem 0x000000003fff0000-0x000000003fffffff] ACPI data
[    0.000000] BIOS-e820: [mem 0x00000000fec00000-0x00000000fec00fff] reserved
[    0.000000] BIOS-e820: [mem 0x00000000fee00000-0x00000000fee00fff] reserved
[    0.000000] BIOS-e820: [mem 0x00000000fffc0000-0x00000000ffffffff] reserved
[    0.000000] NX (Execute Disable) protection: active
[    0.000000] SMBIOS 2.5 present.
[    0.000000] Hypervisor detected: KVM
[    0.000000] e820: last_pfn = 0x3fff0 max_arch_pfn = 0x400000000
[    0.000000] MTRR: Disabled
[    0.000000] x86/PAT: MTRRs disabled, skipping PAT initialization too.
[    0.000000] CPU MTRRs all blank - virtualized system.
[    0.000000] x86/PAT: Configuration [0-7]: WB  WT  UC- UC  WB  WT  UC- UC  
[    0.000000] found SMP MP-table at [mem 0x0009fff0-0x0009ffff] mapped at [ffff88000009fff0]
[    0.000000] Scanning 1 areas for low memory corruption
[    0.000000] RAMDISK: [mem 0x362e4000-0x37169fff]
[    0.000000] ACPI: Early table checksum verification disabled
[    0.000000] ACPI: RSDP 0x00000000000E0000 000024 (v02 VBOX  )
[    0.000000] ACPI: XSDT 0x000000003FFF0030 00003C (v01 VBOX   VBOXXSDT 00000001 ASL  00000061)
[    0.000000] ACPI: FACP 0x000000003FFF00F0 0000F4 (v04 VBOX   VBOXFACP 00000001 ASL  00000061)
[    0.000000] ACPI: DSDT 0x000000003FFF0470 002325 (v02 VBOX   VBOXBIOS 00000002 INTL 20100528)
[    0.000000] ACPI: FACS 0x000000003FFF0200 000040
[    0.000000] ACPI: FACS 0x000000003FFF0200 000040
[    0.000000] ACPI: APIC 0x000000003FFF0240 00005C (v02 VBOX   VBOXAPIC 00000001 ASL  00000061)
[    0.000000] ACPI: SSDT 0x000000003FFF02A0 0001CC (v01 VBOX   VBOXCPUT 00000002 INTL 20100528)
[    0.000000] No NUMA configuration found
[    0.000000] Faking a node at [mem 0x0000000000000000-0x000000003ffeffff]
[    0.000000] NODE_DATA(0) allocated [mem 0x3ffeb000-0x3ffeffff]
[    0.000000] kvm-clock: Using msrs 4b564d01 and 4b564d00
[    0.000000] kvm-clock: cpu 0, msr 0:3ffe3001, primary cpu clock
[    0.000000] kvm-clock: using sched offset of 3740672364 cycles
[    0.000000] clocksource: kvm-clock: mask: 0xffffffffffffffff max_cycles: 0x1cd42e4dffb, max_idle_ns: 881590591483 ns
[    0.000000] Zone ranges:
[    0.000000]   DMA      [mem 0x0000000000001000-0x0000000000ffffff]
[    0.000000]   DMA32    [mem 0x0000000001000000-0x000000003ffeffff]
[    0.000000]   Normal   empty
[    0.000000]   Device   empty
[    0.000000] Movable zone start for each node
[    0.000000] Early memory node ranges
[    0.000000]   node   0: [mem 0x0000000000001000-0x000000000009efff]
[    0.000000]   node   0: [mem 0x0000000000100000-0x000000003ffeffff]
[    0.000000] Initmem setup node 0 [mem 0x0000000000001000-0x000000003ffeffff]
[    0.000000] ACPI: PM-Timer IO Port: 0x4008
[    0.000000] IOAPIC[0]: apic_id 2, version 32, address 0xfec00000, GSI 0-23
[    0.000000] ACPI: INT_SRC_OVR (bus 0 bus_irq 0 global_irq 2 dfl dfl)
[    0.000000] ACPI: INT_SRC_OVR (bus 0 bus_irq 9 global_irq 9 low level)
[    0.000000] Using ACPI (MADT) for SMP configuration information
[    0.000000] smpboot: Allowing 2 CPUs, 0 hotplug CPUs
[    0.000000] PM: Registered nosave memory: [mem 0x00000000-0x00000fff]
[    0.000000] PM: Registered nosave memory: [mem 0x0009f000-0x0009ffff]
[    0.000000] PM: Registered nosave memory: [mem 0x000a0000-0x000effff]
[    0.000000] PM: Registered nosave memory: [mem 0x000f0000-0x000fffff]
[    0.000000] e820: [mem 0x40000000-0xfebfffff] available for PCI devices
[    0.000000] Booting paravirtualized kernel on KVM
[    0.000000] clocksource: refined-jiffies: mask: 0xffffffff max_cycles: 0xffffffff, max_idle_ns: 7645519600211568 ns
[    0.000000] setup_percpu: NR_CPUS:512 nr_cpumask_bits:512 nr_cpu_ids:2 nr_node_ids:1
[    0.000000] PERCPU: Embedded 33 pages/cpu @ffff88003fc00000 s95448 r8192 d31528 u1048576
[    0.000000] Built 1 zonelists in Node order, mobility grouping on.  Total pages: 257912
[    0.000000] Policy zone: DMA32
[    0.000000] Kernel command line: BOOT_IMAGE=/boot/vmlinuz-4.4.0-173-generic root=LABEL=cloudimg-rootfs ro console=tty1 console=ttyS0
[    0.000000] PID hash table entries: 4096 (order: 3, 32768 bytes)
[    0.000000] Memory: 997680K/1048120K available (8626K kernel code, 1336K rwdata, 4032K rodata, 1488K init, 1292K bss, 50440K reserved, 0K cma-reserved)
[    0.000000] SLUB: HWalign=64, Order=0-3, MinObjects=0, CPUs=2, Nodes=1
[    0.000000] Kernel/User page tables isolation: enabled
[    0.000000] Hierarchical RCU implementation.
[    0.000000] 	Build-time adjustment of leaf fanout to 64.
[    0.000000] 	RCU restricting CPUs from NR_CPUS=512 to nr_cpu_ids=2.
[    0.000000] RCU: Adjusting geometry for rcu_fanout_leaf=64, nr_cpu_ids=2
[    0.000000] NR_IRQS:33024 nr_irqs:440 16
[    0.000000] Console: colour VGA+ 80x25
[    0.000000] console [tty1] enabled
[    0.000000] console [ttyS0] enabled
[    0.000000] tsc: Detected 2904.006 MHz processor
[    0.231178] Calibrating delay loop (skipped) preset value.. 5808.01 BogoMIPS (lpj=11616024)
[    0.233343] pid_max: default: 32768 minimum: 301
[    0.234493] ACPI: Core revision 20150930
[    0.237197] ACPI: 2 ACPI AML tables successfully acquired and loaded
[    0.238973] Security Framework initialized
[    0.239981] Yama: becoming mindful.
[    0.240904] AppArmor: AppArmor initialized
[    0.242259] Dentry cache hash table entries: 131072 (order: 8, 1048576 bytes)
[    0.247785] Inode-cache hash table entries: 65536 (order: 7, 524288 bytes)
[    0.249462] Mount-cache hash table entries: 2048 (order: 2, 16384 bytes)
[    0.251164] Mountpoint-cache hash table entries: 2048 (order: 2, 16384 bytes)
[    0.253919] Initializing cgroup subsys io
[    0.255360] Initializing cgroup subsys memory
[    0.256564] Initializing cgroup subsys devices
[    0.257682] Initializing cgroup subsys freezer
[    0.258926] Initializing cgroup subsys net_cls
[    0.259938] Initializing cgroup subsys perf_event
[    0.261038] Initializing cgroup subsys net_prio
[    0.262145] Initializing cgroup subsys hugetlb
[    0.263262] Initializing cgroup subsys pids
[    0.266409] mce: CPU supports 0 MCE banks
[    0.267874] Last level iTLB entries: 4KB 64, 2MB 8, 4MB 8
[    0.269581] Last level dTLB entries: 4KB 64, 2MB 0, 4MB 0, 1GB 4
[    0.270917] Spectre V1 : Mitigation: usercopy/swapgs barriers and __user pointer sanitization
[    0.273065] Spectre V2 : Mitigation: Full generic retpoline
[    0.274692] Spectre V2 : Spectre v2 / SpectreRSB mitigation: Filling RSB on context switch
[    0.276978] Speculative Store Bypass: Vulnerable
[    0.278329] MDS: Mitigation: Clear CPU buffers
[    0.285432] Freeing SMP alternatives memory: 36K
[    0.298077] ftrace: allocating 32304 entries in 127 pages
[    0.418985] smpboot: APIC(0) Converting physical 0 to logical package 0
[    0.421644] smpboot: Max logical packages: 1
[    0.423193] x2apic enabled
[    0.424289] Switched APIC routing to physical x2apic.
[    0.427051] ..TIMER: vector=0x30 apic1=0 pin1=2 apic2=-1 pin2=-1
[    0.536523] smpboot: CPU0: Intel(R) Core(TM) i7-7500U CPU @ 2.70GHz (family: 0x6, model: 0x8e, stepping: 0x9)
[    0.538984] Performance Events: unsupported p6 CPU model 142 no PMU driver, software events only.
[    0.559124] KVM setup paravirtual spinlock
[    0.561813] x86: Booting SMP configuration:
[    0.563319] .... node  #0, CPUs:      #1
[    0.564604] kvm-clock: cpu 1, msr 0:3ffe3041, secondary cpu clock
[    0.567410] mce: CPU supports 0 MCE banks
[    0.570400] x86: Booted up 1 node, 2 CPUs
[    0.572451] smpboot: Total of 2 processors activated (11616.02 BogoMIPS)
[    0.575172] devtmpfs: initialized
[    0.578507] evm: security.selinux
[    0.579605] evm: security.SMACK64
[    0.580506] evm: security.SMACK64EXEC
[    0.581403] evm: security.SMACK64TRANSMUTE
[    0.582376] evm: security.SMACK64MMAP
[    0.583400] evm: security.ima
[    0.584180] evm: security.capability
[    0.585402] clocksource: jiffies: mask: 0xffffffff max_cycles: 0xffffffff, max_idle_ns: 7645041785100000 ns
[    0.587714] futex hash table entries: 512 (order: 3, 32768 bytes)
[    0.589387] pinctrl core: initialized pinctrl subsystem
[    0.590900] RTC time: 17:15:15, date: 02/17/20
[    0.592472] NET: Registered protocol family 16
[    0.606134] cpuidle: using governor ladder
[    0.622459] cpuidle: using governor menu
[    0.624452] PCCT header not found.
[    0.625856] ACPI: bus type PCI registered
[    0.627314] acpiphp: ACPI Hot Plug PCI Controller Driver version: 0.5
[    0.629379] PCI: Using configuration type 1 for base access
[    0.648416] ACPI: Added _OSI(Module Device)
[    0.651979] ACPI: Added _OSI(Processor Device)
[    0.655234] ACPI: Added _OSI(3.0 _SCP Extensions)
[    0.660616] ACPI: Added _OSI(Processor Aggregator Device)
[    0.668463] ACPI: Executed 1 blocks of module-level executable AML code
[    0.680930] ACPI: Interpreter enabled
[    0.684330] ACPI: (supports S0 S5)
[    0.687096] ACPI: Using IOAPIC for interrupt routing
[    0.691520] PCI: Using host bridge windows from ACPI; if necessary, use "pci=nocrs" and report a bug
[    0.712135] ACPI: PCI Root Bridge [PCI0] (domain 0000 [bus 00-ff])
[    0.716086] acpi PNP0A03:00: _OSC: OS supports [ASPM ClockPM Segments MSI]
[    0.722476] acpi PNP0A03:00: _OSC: not requesting OS control; OS requires [ExtendedConfig ASPM ClockPM MSI]
[    0.729977] acpi PNP0A03:00: fail to add MMCONFIG information, can't access extended PCI configuration space under this bridge.
[    0.740199] PCI host bridge to bus 0000:00
[    0.743981] pci_bus 0000:00: root bus resource [io  0x0000-0x0cf7 window]
[    0.749684] pci_bus 0000:00: root bus resource [io  0x0d00-0xffff window]
[    0.754844] pci_bus 0000:00: root bus resource [mem 0x000a0000-0x000bffff window]
[    0.760878] pci_bus 0000:00: root bus resource [mem 0x40000000-0xfdffffff window]
[    0.766621] pci_bus 0000:00: root bus resource [bus 00-ff]
[    0.776384] pci 0000:00:01.1: legacy IDE quirk: reg 0x10: [io  0x01f0-0x01f7]
[    0.781010] pci 0000:00:01.1: legacy IDE quirk: reg 0x14: [io  0x03f6]
[    0.785344] pci 0000:00:01.1: legacy IDE quirk: reg 0x18: [io  0x0170-0x0177]
[    0.791012] pci 0000:00:01.1: legacy IDE quirk: reg 0x1c: [io  0x0376]
[    0.871586] pci 0000:00:07.0: quirk: [io  0x4000-0x403f] claimed by PIIX4 ACPI
[    0.877497] pci 0000:00:07.0: quirk: [io  0x4100-0x410f] claimed by PIIX4 SMB
[    0.906296] ACPI: PCI Interrupt Link [LNKA] (IRQs 5 9 10 *11)
[    0.912459] ACPI: PCI Interrupt Link [LNKB] (IRQs 5 9 *10 11)
[    0.918209] ACPI: PCI Interrupt Link [LNKC] (IRQs 5 *9 10 11)
[    0.923872] ACPI: PCI Interrupt Link [LNKD] (IRQs 5 9 10 *11)
[    0.929689] ACPI: Enabled 2 GPEs in block 00 to 07
[    0.934423] vgaarb: setting as boot device: PCI:0000:00:02.0
[    0.936778] vgaarb: device added: PCI:0000:00:02.0,decodes=io+mem,owns=io+mem,locks=none
[    0.940815] vgaarb: loaded
[    0.942254] vgaarb: bridge control possible 0000:00:02.0
[    0.944803] SCSI subsystem initialized
[    0.947144] ACPI: bus type USB registered
[    0.949146] usbcore: registered new interface driver usbfs
[    0.951266] usbcore: registered new interface driver hub
[    0.953587] usbcore: registered new device driver usb
[    0.956139] PCI: Using ACPI for IRQ routing
[    0.964060] NetLabel: Initializing
[    0.965351] NetLabel:  domain hash size = 128
[    0.966772] NetLabel:  protocols = UNLABELED CIPSOv4
[    0.968296] NetLabel:  unlabeled traffic allowed by default
[    0.970328] amd_nb: Cannot enumerate AMD northbridges
[    0.972088] clocksource: Switched to clocksource kvm-clock
[    0.990270] AppArmor: AppArmor Filesystem Enabled
[    0.991931] pnp: PnP ACPI init
[    0.994258] pnp: PnP ACPI: found 3 devices
[    1.008671] clocksource: acpi_pm: mask: 0xffffff max_cycles: 0xffffff, max_idle_ns: 2085701024 ns
[    1.010876] NET: Registered protocol family 2
[    1.012185] TCP established hash table entries: 8192 (order: 4, 65536 bytes)
[    1.013699] TCP bind hash table entries: 8192 (order: 5, 131072 bytes)
[    1.015120] TCP: Hash tables configured (established 8192 bind 8192)
[    1.016457] UDP hash table entries: 512 (order: 2, 16384 bytes)
[    1.017824] UDP-Lite hash table entries: 512 (order: 2, 16384 bytes)
[    1.019176] NET: Registered protocol family 1
[    1.020246] pci 0000:00:00.0: Limiting direct PCI/PCI transfers
[    1.021641] pci 0000:00:01.0: Activating ISA DMA hang workarounds
[    1.023570] Unpacking initramfs...
[    1.435330] Freeing initrd memory: 14872K
[    1.436943] clocksource: tsc: mask: 0xffffffffffffffff max_cycles: 0x29dc0b74fd3, max_idle_ns: 440795242287 ns
[    1.440147] platform rtc_cmos: registered platform RTC device (no PNP device found)
[    1.443710] Scanning for low memory corruption every 60 seconds
[    1.445770] audit: initializing netlink subsys (disabled)
[    1.446962] audit: type=2000 audit(1581959721.609:1): initialized
[    1.448589] Initialise system trusted keyring
[    1.449913] HugeTLB registered 2 MB page size, pre-allocated 0 pages
[    1.452736] zbud: loaded
[    1.453822] VFS: Disk quotas dquot_6.6.0
[    1.454827] VFS: Dquot-cache hash table entries: 512 (order 0, 4096 bytes)
[    1.456467] squashfs: version 4.0 (2009/01/31) Phillip Lougher
[    1.458342] fuse init (API version 7.23)
[    1.459661] Key type big_key registered
[    1.460903] Allocating IMA MOK and blacklist keyrings.
[    1.464162] Key type asymmetric registered
[    1.465376] Asymmetric key parser 'x509' registered
[    1.466568] Block layer SCSI generic (bsg) driver version 0.4 loaded (major 249)
[    1.468721] io scheduler noop registered
[    1.470288] io scheduler deadline registered (default)
[    1.471874] io scheduler cfq registered
[    1.473541] pci_hotplug: PCI Hot Plug PCI Core version: 0.5
[    1.474980] pciehp: PCI Express Hot Plug Controller Driver version: 0.4
[    1.476679] ACPI: AC Adapter [AC] (off-line)
[    1.477799] input: Power Button as /devices/LNXSYSTM:00/LNXPWRBN:00/input/input0
[    1.480363] ACPI: Power Button [PWRF]
[    1.481426] input: Sleep Button as /devices/LNXSYSTM:00/LNXSLPBN:00/input/input1
[    1.483800] ACPI: Sleep Button [SLPF]
[    1.485296] GHES: HEST is not enabled!
[    1.486146] ACPI: Battery Slot [BAT0] (battery present)
[    1.487756] Serial: 8250/16550 driver, 32 ports, IRQ sharing enabled
[    1.510076] 00:02: ttyS0 at I/O 0x3f8 (irq = 4, base_baud = 115200) is a 16550A
[    1.519158] Linux agpgart interface v0.103
[    1.523652] loop: module loaded
[    1.525961] scsi host0: ata_piix
[    1.527382] scsi host1: ata_piix
[    1.528576] ata1: PATA max UDMA/33 cmd 0x1f0 ctl 0x3f6 bmdma 0xd000 irq 14
[    1.530624] ata2: PATA max UDMA/33 cmd 0x170 ctl 0x376 bmdma 0xd008 irq 15
[    1.532794] libphy: Fixed MDIO Bus: probed
[    1.534246] tun: Universal TUN/TAP device driver, 1.6
[    1.536068] tun: (C) 1999-2004 Max Krasnyansky <maxk@qualcomm.com>
[    1.538357] PPP generic driver version 2.4.2
[    1.539987] ehci_hcd: USB 2.0 'Enhanced' Host Controller (EHCI) Driver
[    1.542007] ehci-pci: EHCI PCI platform driver
[    1.543666] ehci-platform: EHCI generic platform driver
[    1.545302] ohci_hcd: USB 1.1 'Open' Host Controller (OHCI) Driver
[    1.547094] ohci-pci: OHCI PCI platform driver
[    1.548689] ohci-platform: OHCI generic platform driver
[    1.550367] uhci_hcd: USB Universal Host Controller Interface driver
[    1.552294] i8042: PNP: PS/2 Controller [PNP0303:PS2K,PNP0f03:PS2M] at 0x60,0x64 irq 1,12
[    1.555442] serio: i8042 KBD port at 0x60,0x64 irq 1
[    1.556955] serio: i8042 AUX port at 0x60,0x64 irq 12
[    1.558917] mousedev: PS/2 mouse device common for all mice
[    1.561437] input: AT Translated Set 2 keyboard as /devices/platform/i8042/serio0/input/input2
[    1.565469] rtc_cmos rtc_cmos: rtc core: registered rtc_cmos as rtc0
[    1.567429] rtc_cmos rtc_cmos: alarms up to one day, 114 bytes nvram
[    1.569182] i2c /dev entries driver
[    1.570280] device-mapper: uevent: version 1.0.3
[    1.571764] device-mapper: ioctl: 4.34.0-ioctl (2015-10-28) initialised: dm-devel@redhat.com
[    1.574113] ledtrig-cpu: registered to indicate activity on CPUs
[    1.576784] NET: Registered protocol family 10
[    1.578072] NET: Registered protocol family 17
[    1.579236] Key type dns_resolver registered
[    1.580635] registered taskstats version 1
[    1.581748] Loading compiled-in X.509 certificates
[    1.583775] Loaded X.509 cert 'Build time autogenerated kernel key: 4e6a82653c7e3a258f066f23f1954299de63b157'
[    1.586511] zswap: loaded using pool lzo/zbud
[    1.590296] Key type trusted registered
[    1.595973] Key type encrypted registered
[    1.597144] AppArmor: AppArmor sha1 policy hashing enabled
[    1.598450] ima: No TPM chip found, activating TPM-bypass!
[    1.599945] ima: Allocated hash algorithm: sha1
[    1.601513] evm: HMAC attrs: 0x1
[    1.603046]   Magic number: 8:774:289
[    1.604095] tty tty22: hash matches
[    1.605221] rtc_cmos rtc_cmos: setting system clock to 2020-02-17 17:15:16 UTC (1581959716)
[    1.607650] BIOS EDD facility v0.16 2004-Jun-25, 0 devices found
[    1.608994] EDD information not available.
[    1.725393] Freeing unused kernel memory: 1488K
[    1.729338] Write protecting the kernel read-only data: 14336k
[    1.737154] Freeing unused kernel memory: 1604K
[    1.744648] Freeing unused kernel memory: 64K
Loading, please wait...
starting version 229
[    1.799639] random: systemd-udevd: uninitialized urandom read (16 bytes read, 3 bits of entropy available)
[    1.803068] random: udevadm: uninitialized urandom read (16 bytes read, 3 bits of entropy available)
[    1.803150] random: udevadm: uninitialized urandom read (16 bytes read, 3 bits of entropy available)
[    1.823687] random: systemd-udevd: uninitialized urandom read (16 bytes read, 3 bits of entropy available)
[    1.830963] random: udevadm: uninitialized urandom read (16 bytes read, 3 bits of entropy available)
[    1.831084] random: udevadm: uninitialized urandom read (16 bytes read, 3 bits of entropy available)
[    1.831633] random: udevadm: uninitialized urandom read (16 bytes read, 3 bits of entropy available)
[    1.831742] random: udevadm: uninitialized urandom read (16 bytes read, 3 bits of entropy available)
[    1.831850] random: udevadm: uninitialized urandom read (16 bytes read, 3 bits of entropy available)
[    1.831962] random: udevadm: uninitialized urandom read (16 bytes read, 3 bits of entropy available)
[    1.970273] e1000: Intel(R) PRO/1000 Network Driver - version 7.3.21-k8-NAPI
[    1.972356] e1000: Copyright (c) 1999-2006 Intel Corporation.
[    1.989774] Fusion MPT base driver 3.04.20
[    1.991676] Copyright (c) 1999-2008 LSI Corporation
[    2.034452] Fusion MPT SPI Host driver 3.04.20
[    2.048911] AVX2 version of gcm_enc/dec engaged.
[    2.051120] AES CTR mode by8 optimization enabled
[    2.205764] input: ImExPS/2 Generic Explorer Mouse as /devices/platform/i8042/serio1/input/input4
[    2.463336] e1000 0000:00:03.0 eth0: (PCI:33MHz:32-bit) 02:bb:f4:57:e9:87
[    2.468638] e1000 0000:00:03.0 eth0: Intel(R) PRO/1000 Network Connection
[    3.000805] e1000 0000:00:08.0 eth1: (PCI:33MHz:32-bit) 08:00:27:e8:f6:4e
[    3.004226] e1000 0000:00:08.0 eth1: Intel(R) PRO/1000 Network Connection
[    3.013789] e1000 0000:00:03.0 enp0s3: renamed from eth0
[    3.023417] mptbase: ioc0: Initiating bringup
[    3.028706] e1000 0000:00:08.0 enp0s8: renamed from eth1
[    3.325048] ioc0: LSI53C1030 A0: Capabilities={Initiator}
[    4.714152] scsi host2: ioc0: LSI53C1030 A0, FwRev=00000000h, Ports=1, MaxQ=256, IRQ=20
[    6.013288] scsi 2:0:0:0: Direct-Access     VBOX     HARDDISK         1.0  PQ: 0 ANSI: 5
[    6.023530] scsi target2:0:0: Beginning Domain Validation
[    6.036601] scsi target2:0:0: Domain Validation skipping write tests
[    6.044167] scsi target2:0:0: Ending Domain Validation
[    6.050814] scsi target2:0:0: asynchronous
[    6.059133] scsi 2:0:1:0: Direct-Access     VBOX     HARDDISK         1.0  PQ: 0 ANSI: 5
[    6.121402] scsi target2:0:1: Beginning Domain Validation
[    6.132757] scsi target2:0:1: Domain Validation skipping write tests
[    6.138190] scsi target2:0:1: Ending Domain Validation
[    6.143217] scsi target2:0:1: asynchronous
[    6.180526] sd 2:0:0:0: Attached scsi generic sg0 type 0
[    6.189017] sd 2:0:0:0: [sda] 20971520 512-byte logical blocks: (10.7 GB/10.0 GiB)
[    6.189307] sd 2:0:1:0: [sdb] 20480 512-byte logical blocks: (10.5 MB/10.0 MiB)
[    6.190038] sd 2:0:1:0: [sdb] Write Protect is off
[    6.190604] sd 2:0:1:0: Attached scsi generic sg1 type 0
[    6.190618] sd 2:0:1:0: [sdb] Incomplete mode parameter data
[    6.190623] sd 2:0:1:0: [sdb] Assuming drive cache: write through
[    6.202431] sd 2:0:1:0: [sdb] Attached SCSI disk
[    6.246441] sd 2:0:0:0: [sda] Write Protect is off
[    6.251827] sd 2:0:0:0: [sda] Incomplete mode parameter data
[    6.255327] sd 2:0:0:0: [sda] Assuming drive cache: write through
[    6.266184]  sda: sda1
[    6.271176] sd 2:0:0:0: [sda] Attached SCSI disk
Begin: Loading essential drivers ... [    8.235396] md: linear personality registered for level -1
[    8.240711] md: multipath personality registered for level -4
[    8.246593] md: raid0 personality registered for level 0
[    8.254551] md: raid1 personality registered for level 1
[    8.328741] raid6: sse2x1   gen()  4817 MB/s
[    8.396252] raid6: sse2x1   xor()  6309 MB/s
[    8.464581] raid6: sse2x2   gen() 11235 MB/s
[    8.532913] raid6: sse2x2   xor()  6119 MB/s
[    8.600293] raid6: sse2x4   gen()  9810 MB/s
[    8.668798] raid6: sse2x4   xor()  3304 MB/s
[    8.740781] raid6: avx2x1   gen()  6648 MB/s
[    8.808962] raid6: avx2x2   gen()  7855 MB/s
[    8.880150] raid6: avx2x4   gen() 10383 MB/s
[    8.882595] raid6: using algorithm sse2x2 gen() 11235 MB/s
[    8.885475] raid6: .... xor() 6119 MB/s, rmw enabled
[    8.887757] raid6: using avx2x2 recovery algorithm
[    8.892750] xor: automatically using best checksumming function:
[    8.932468]    avx       : 12082.000 MB/sec
[    8.936819] async_tx: api initialized (async)
[    8.960231] md: raid6 personality registered for level 6
[    8.963674] md: raid5 personality registered for level 5
[    8.966221] md: raid4 personality registered for level 4
[    8.981128] md: raid10 personality registered for level 10
done.
Begin: Running /scripts/init-premount ... done.
Begin: Mounting root file system ... Begin: Running /scripts/local-top ... done.
Begin: Running /scripts/local-premount ... [    9.053600] Btrfs loaded
Scanning for Btrfs filesystems
done.
Warning: fsck not present, so skipping root file system
[    9.117939] EXT4-fs (sda1): mounted filesystem with ordered data mode. Opts: (null)
done.
Begin: Running /scripts/local-bottom ... done.
Begin: Running /scripts/init-bottom ... done.
[    9.350952] systemd[1]: systemd 229 running in system mode. (+PAM +AUDIT +SELINUX +IMA +APPARMOR +SMACK +SYSVINIT +UTMP +LIBCRYPTSETUP +GCRYPT +GNUTLS +ACL +XZ -LZ4 +SECCOMP +BLKID +ELFUTILS +KMOD -IDN)
[    9.364399] systemd[1]: Detected virtualization oracle.
[    9.368562] systemd[1]: Detected architecture x86-64.

Welcome to [1mUbuntu 16.04.6 LTS[0m!

[    9.381348] systemd[1]: Set hostname to <ubuntu>.
[    9.391892] systemd[1]: Initializing machine ID from random generator.
[    9.397948] systemd[1]: Installed transient /etc/machine-id file.
[    9.700259] systemd[1]: Listening on udev Kernel Socket.
[[0;32m  OK  [0m] Listening on udev Kernel Socket.
[    9.705003] systemd[1]: Listening on Device-mapper event daemon FIFOs.
[[0;32m  OK  [0m] Listening on Device-mapper event daemon FIFOs.
[    9.710754] systemd[1]: Listening on LVM2 poll daemon socket.
[[0;32m  OK  [0m] Listening on LVM2 poll daemon socket.
[    9.720579] systemd[1]: Listening on udev Control Socket.
[[0;32m  OK  [0m] Listening on udev Control Socket.
[    9.725371] systemd[1]: Listening on Journal Socket.
[[0;32m  OK  [0m] Listening on Journal Socket.
[    9.737151] systemd[1]: Reached target Swap.
[[0;32m  OK  [0m] Reached target Swap.
[    9.741563] systemd[1]: Listening on Journal Audit Socket.
[[0;32m  OK  [0m] Listening on Journal Audit Socket.
[    9.746421] systemd[1]: Listening on Syslog Socket.
[[0;32m  OK  [0m] Listening on Syslog Socket.
[    9.757936] systemd[1]: Listening on LVM2 metadata daemon socket.
[[0;32m  OK  [0m] Listening on LVM2 metadata daemon socket.
[    9.769521] systemd[1]: Listening on /dev/initctl Compatibility Named Pipe.
[[0;32m  OK  [0m] Listening on /dev/initctl Compatibility Named Pipe.
[    9.775291] systemd[1]: Set up automount Arbitrary Executable File Formats File System Automount Point.
[[0;32m  OK  [0m] Set up automount Arbitrary Executab...ats File System Automount Point.
[    9.789436] systemd[1]: Created slice User and Session Slice.
[[0;32m  OK  [0m] Created slice User and Session Slice.
[    9.801018] systemd[1]: Started Forward Password Requests to Wall Directory Watch.
[[0;32m  OK  [0m] Started Forward Password Requests to Wall Directory Watch.
[    9.807880] systemd[1]: Reached target User and Group Name Lookups.
[[0;32m  OK  [0m] Reached target User and Group Name Lookups.
[    9.822040] systemd[1]: Started Trigger resolvconf update for networkd DNS.
[[0;32m  OK  [0m] Started Trigger resolvconf update for networkd DNS.
[    9.831426] systemd[1]: Listening on Journal Socket (/dev/log).
[[0;32m  OK  [0m] Listening on Journal Socket (/dev/log).
[    9.840204] systemd[1]: Created slice System Slice.
[[0;32m  OK  [0m] Created slice System Slice.
[    9.868556] systemd[1]: Starting Monitoring of LVM2 mirrors, snapshots etc. using dmeventd or progress polling...
         Starting Monitoring of LVM2 mirrors... dmeventd or progress polling...
[    9.887787] systemd[1]: Starting Journal Service...
         Starting Journal Service...
[    9.899772] systemd[1]: Mounting Debug File System...
         Mounting Debug File System...
[    9.937220] systemd[1]: Mounting POSIX Message Queue File System...
         Mounting POSIX Message Queue File System...
[    9.949466] systemd[1]: Starting Uncomplicated firewall...
         Starting Uncomplicated firewall...
[    9.961680] systemd[1]: Starting Remount Root and Kernel File Systems...
         Starting Remount Root and Kernel File Systems...
[    9.986337] systemd[1]: Starting Create list of required static device nodes for the current kernel...
[    9.995172] EXT4-fs (sda1): re-mounted. Opts: (null)
         Starting Create list of required st... nodes for the current kernel...
[   10.011382] systemd[1]: Starting Load Kernel Modules...
         Starting Load Kernel Modules...
[   10.025233] systemd[1]: Created slice system-serial\x2dgetty.slice.
[[0;32m  OK  [0m] Created slice system-serial\x2dgetty.slice.
[   10.031095] Loading iSCSI transport class v2.0-870.
[   10.036860] systemd[1]: Reached target System Time Synchronized.
[[0;32m  OK  [0m] Reached target System Time Synchronized.
[   10.048909] iscsi: registered transport (tcp)
[   10.064367] systemd[1]: Mounting Huge Pages File System...
         Mounting Huge Pages File System...
[   10.069808] systemd[1]: Starting Nameserver information manager...
         Starting Nameserver information manager...
[   10.080296] systemd[1]: Starting Set console keymap...
         [   10.087513] random: nonblocking pool is initialized
Starting Set console keymap...
[   10.096816] systemd[1]: Reached target Encrypted Volumes.
[[0;32m  OK  [0m] Reached target Encrypted Volumes.
[   10.102473] systemd[1]: Reached target Slices.
[[0;32m  OK  [0m] Reached target Slices.
[   10.127015] systemd[1]: Mounted POSIX Message Queue File System.
[[0;32m  OK  [0m] Mounted POSIX Message Queue File System.
[   10.132764] systemd[1]: Mounted Huge Pages File System.
[[0;32m  OK  [0m] Mounted Huge Pages File System.
[   10.141943] systemd[1]: Mounted Debug File System.
[[0;32m  OK  [0m] Mounted Debug File System.
[   10.146465] systemd[1]: Started Journal Service.
[[0;32m  OK  [0m] Started Journal Service.
[   10.152935] iscsi: registered transport (iser)
[[0;32m  OK  [0m] Started Uncomplicated firewall.
[[0;32m  OK  [0m] Started Remount Root and Kernel File Systems.
[[0;32m  OK  [0m] Started Create list of required sta...ce nodes for the current kernel.
[[0;32m  OK  [0m] Started Load Kernel Modules.
[[0;32m  OK  [0m] Started LVM2 metadata daemon.
         Mounting FUSE Control File System...
         Starting Apply Kernel Variables...
         Starting Create Static Device Nodes in /dev...
         Starting Load/Save Random Seed...
         Starting udev Coldplug all Devices...
         Starting Flush Journal to Persistent Storage...
[[0;32m  OK  [0m] Mounted FUSE Control File System.
[[0;32m  OK  [0m] Started Nameserver information manager.
[[0;32m  OK  [0m] Started Apply Kernel Variables.
[[0;32m  OK  [0m] Started Set console keymap.
[[0;32m  OK  [0m] Started Create Static Device Nodes in /dev.
[[0;32m  OK  [0m] Started Load/Save Random Seed.
         Starting udev Kernel Device Manager...
[[0;32m  OK  [0m] Started Flush Journal to Persistent Storage.
[[0;32m  OK  [0m] Started Monitoring of LVM2 mirrors,...ng dmeventd or progress polling.
[[0;32m  OK  [0m] Reached target Local File Systems (Pre).
[[0;32m  OK  [0m] Reached target Local File Systems.
         Starting Initial cloud-init job (pre-networking)...
         Starting LSB: AppArmor initialization...
         Starting Create Volatile Files and Directories...
         Starting Tell Plymouth To Write Out Runtime Data...
         Starting Commit a transient machine-id on disk...
         Starting Set console font and keymap...
[[0;32m  OK  [0m] Started udev Kernel Device Manager.
[[0;32m  OK  [0m] Started Tell Plymouth To Write Out Runtime Data.
[[0;32m  OK  [0m] Started udev Coldplug all Devices.
[[0;32m  OK  [0m] Started Dispatch Password Requests to Console Directory Watch.
[[0;32m  OK  [0m] Started Create Volatile Files and Directories.
[[0;32m  OK  [0m] Started Commit a transient machine-id on disk.
         Starting Update UTMP about System Boot/Shutdown...
[[0;32m  OK  [0m] Started Update UTMP about System Boot/Shutdown.
[[0;32m  OK  [0m] Found device /dev/ttyS0.
[[0;32m  OK  [0m] Listening on Load/Save RF Kill Switch Status /dev/rfkill Watch.
[   12.748178] cloud-init[462]: Cloud-init v. 19.4-33-gbb4131a2-0ubuntu1~16.04.1 running 'init-local' at Mon, 17 Feb 2020 17:15:27 +0000. Up 11.77 seconds.
[[0;32m  OK  [0m] Started Initial cloud-init job (pre-networking).
[[0;32m  OK  [0m] Reached target Network (Pre).
[[0;32m  OK  [0m] Started Set console font and keymap.
[[0;32m  OK  [0m] Created slice system-getty.slice.
[[0;32m  OK  [0m] Started LSB: AppArmor initialization.
         Starting Raise network interfaces...
[[0;32m  OK  [0m] Started Raise network interfaces.
[[0;32m  OK  [0m] Reached target Network.
         Starting Initial cloud-init job (metadata service crawler)...
[   15.822083] cloud-init[962]: Cloud-init v. 19.4-33-gbb4131a2-0ubuntu1~16.04.1 running 'init' at Mon, 17 Feb 2020 17:15:30 +0000. Up 14.76 seconds.
[   15.833227] cloud-init[962]: ci-info: ++++++++++++++++++++++++++++++++++++++Net device info+++++++++++++++++++++++++++++++++++++++
[   15.841385] cloud-init[962]: ci-info: +--------+-------+----------------------------+---------------+--------+-------------------+
[   15.843348] cloud-init[962]: ci-info: | Device |   Up  |          Address           |      Mask     | Scope  |     Hw-Address    |
[   15.846349] cloud-init[962]: ci-info: +--------+-------+----------------------------+---------------+--------+-------------------+
[   15.849473] cloud-init[962]: ci-info: | enp0s3 |  True |         10.0.2.15          | 255.255.255.0 | global | 02:bb:f4:57:e9:87 |
[   15.851718] cloud-init[962]: ci-info: | enp0s3 |  True | fe80::bb:f4ff:fe57:e987/64 |       .       |  link  | 02:bb:f4:57:e9:87 |
[   15.854183] cloud-init[962]: ci-info: | enp0s8 | False |             .              |       .       |   .    | 08:00:27:e8:f6:4e |
[   15.856340] cloud-init[962]: ci-info: |   lo   |  True |         127.0.0.1          |   255.0.0.0   |  host  |         .         |
[   15.858515] cloud-init[962]: ci-info: |   lo   |  True |          ::1/128           |       .       |  host  |         .         |
[   15.862610] cloud-init[962]: ci-info: +--------+-------+----------------------------+---------------+--------+-------------------+
[   15.864777] cloud-init[962]: ci-info: +++++++++++++++++++++++++++Route IPv4 info++++++++++++++++++++++++++++
[   15.867236] cloud-init[962]: ci-info: +-------+-------------+----------+---------------+-----------+-------+
[   15.869402] cloud-init[962]: ci-info: | Route | Destination | Gateway  |    Genmask    | Interface | Flags |
[   15.877038] cloud-init[962]: ci-info: +-------+-------------+----------+---------------+-----------+-------+
[   15.879954] cloud-init[962]: ci-info: |   0   |   0.0.0.0   | 10.0.2.2 |    0.0.0.0    |   enp0s3  |   UG  |
[   15.888805] cloud-init[962]: ci-info: |   1   |   10.0.2.0  | 0.0.0.0  | 255.255.255.0 |   enp0s3  |   U   |
[   15.891824] cloud-init[962]: ci-info: +-------+-------------+----------+---------------+-----------+-------+
[   15.895062] cloud-init[962]: ci-info: +++++++++++++++++++Route IPv6 info+++++++++++++++++++
[   15.896875] cloud-init[962]: ci-info: +-------+-------------+---------+-----------+-------+
[   15.898801] cloud-init[962]: ci-info: | Route | Destination | Gateway | Interface | Flags |
[   15.908610] cloud-init[962]: ci-info: +-------+-------------+---------+-----------+-------+
[   15.910608] cloud-init[962]: ci-info: |   0   |  fe80::/64  |    ::   |   enp0s3  |   U   |
[   15.913662] cloud-init[962]: ci-info: |   3   |   ff00::/8  |    ::   |   enp0s3  |   U   |
[   15.917239] [[0;32m  OK  [0m] Started Initial cloud-init job (metadata service crawler).
[[0;32m  OK  [0m] Reached target System Initialization.
cloud-init[962]:          Starting LXD - unix socket.
[[0;32m  OK  [0m] Listening on D-Bus System Message Bus Socket.
[[0;32m  OK  [0m] Started Message of the Day.
[[0;32m  OK  [0m] Started Daily apt download activities.
[[0;32m  OK  [0m] Started Daily apt upgrade and clean activities.
[[0;32m  OK  [0m] Started Daily Cleanup of Temporary Directories.
[[0;32m  OK  [0m] Listening on UUID daemon activation socket.
ci-info: +-------+-------------+---------+-----------+-------+
[   15.930384] cloud-init[962]: Generating public/private rsa key pair.
[   15.936661] cloud-init[962]: Your identification has been saved in /etc/ssh/ssh_host_rsa_key.
[[0;32m  OK  [0m] Started ACPI Events Check.
[[0;32m  OK  [0m] Reached target Paths.
         Starting Socket activation for snappy daemon.
[[0;32m  OK  [0m] Reached target Timers.
[[0;32m  OK  [0m] Listening on ACPID Listen Socket.
[[0;32m  OK  [0m] Reached target Network is Online.
[   15.947341] cloud-init[962]: Your public key has been saved in /etc/ssh/ssh_host_rsa_key.pub.
[   15.956152] cloud-init[962]: The key fingerprint is:
[   15.957574] cloud-init[962]: SHA256:3ui7OAHBidIjOw7hHWCJ1GVmHPT2ZfijZvp4MB/do3E root@ubuntu-xenial
[   15.959750] cloud-init[962]: The key's randomart image is:
[   15.961386] cloud-init[962]: +---[RSA 2048]----+
[   15.962738] cloud-init[962]: |o=+o+O.          |
[   15.964339] cloud-init[962]: |*.+oB..   .      |
[   15.965369] cloud-init[962]: |.=.... o . o     |
[   15.967070] cloud-init[962]: |+. .. . . +      |         Starting iSCSI initiator daemon (iscsid)...
[[0;32m  OK  [0m] Reached target Cloud-config availability.
[[0;32m  OK  [0m] Listening on LXD - unix socket.
[[0;32m  OK  [0m] Listening on Socket activation for snappy daemon.
[[0;32m  OK  [0m] Reached target Sockets.
[[0;32m  OK  [0m] Reached target Basic System.

[   15.975452] [[0;32m  OK  [0m] Started Regular background program processing daemon.
         Starting Accounts Service...
         Starting /etc/rc.local Compatibility...
         Starting Snappy daemon...
         Starting LSB: Record successful boot for GRUB...
cloud-init[962]: |o.   .  S..o.    |
         Starting Pollinate to seed the pseudo random number generator...
         Starting System Logging Service...
[[0;32m  OK  [0m] Started FUSE filesystem for LXC.
[   15.992863] cloud-init[962]: | .    .+ +.o.E   |
         Starting Virtualbox guest utils...
[   16.000587] cloud-init[962]: |       .*+o + .  |
[   16.003272] [[0;32m  OK  [0m] Started D-Bus System Message Bus.
cloud-init[962]: |      .o=o .     |
[   16.013622] cloud-init[962]: |      .+*+       |
[   16.019400] cloud-init[962]: +----[SHA256]-----+
[   16.021964] cloud-init[962]: Generating public/private dsa key pair.
[   16.033327] cloud-init[962]: Your identification has been saved in /etc/ssh/ssh_host_dsa_key.
[   16.038740] cloud-init[962]: Your public key has been saved in /etc/ssh/ssh_host_dsa_key.pub.
[   16.044405] cloud-init[962]: The key fingerprint is:
[   16.046335] cloud-init[962]: SHA256:8FLgDIi1u+sqDK0DoGvbiuNMxCBU8a6nym5NxHxC3tY root@ubuntu-xenial
[   16.049373] cloud-init[962]: The key's randomart image is:
[   16.052546] cloud-init[962]: +---[DSA 1024]----+
[   16.055986] cloud-init[962]: | +o+o .          |
[   16.065289] cloud-init[962]: |o .o.+ .         |
[   16.067028] cloud-init[962]: |o * ..= .        |
[   16.069190] cloud-init[962]: |=  B.+ E         |
[   16.076342] cloud-init[962]: |o+o +.. S        |
[[0;32m  OK  [0m] Started Deferred execution scheduler.
         [   16.089048] cloud-init[962]: |= .o.  .         |
[   16.095770] cloud-init[962]: |+++. .           |
[   16.096472] cloud-init[962]: |@+.oo            |
[   16.096935] cloud-init[962]: |O&*o             |
[   16.097372] cloud-init[962]: +----[SHA256]-----+
[   16.097627] cloud-init[962]: Generating public/private ecdsa key pair.
[   16.097832] cloud-init[962]: Your identification has been saved in /etc/ssh/ssh_host_ecdsa_key.
[   16.098367] cloud-init[962]: Your public key has been saved in /etc/ssh/ssh_host_ecdsa_key.pub.
Starting LSB: MD monitoring daemon...
[   16.098894] cloud-init[962]: The key fingerprint is:
[   16.106312] cloud-init[962]: SHA256:rBXMARVPsLo3o3YeyHX30zbWkNUisO4ng+cSZ84ZhMI root@ubuntu-xenial
[   16.107981] cloud-init[962]: The key's randomart image is:
[   16.116922] cloud-init[962]: +---[ECDSA 256]---+
[   16.117240] cloud-init[962]: |      .o=oo      |
[   16.117555] cloud-init[962]: |       o = o    .|
[   16.118166] cloud-init[962]: |     .  =.o . . o|
[   16.118508] cloud-init[962]: |      Eo.o.  . + |
[   16.118944] cloud-init[962]: |      ..S.o . o  |
[   16.119495] cloud-init[962]: |     . *.++. . o.|
[   16.119853] cloud-init[962]: |      = **=o. oo+|
[   16.120736] cloud-init[962]: |      .oo*++  .o.|
[   16.121087] cloud-init[962]: |     ..o...      |
         Starting Login Service...
[[0;32m  OK  [0m] Started ACPI event daemon.
[   16.121606] cloud-init[962]: +----[SHA256]-----+
[   16.127954] cloud-init[962]: Generating public/private ed25519 key pair.
[   16.128715] cloud-init[962]: Your identification has been saved in /etc/ssh/ssh_host_ed25519_key.
         Starting LXD - container startup/shutdown...
[   16.129197] cloud-init[962]: Your public key has been saved in /etc/ssh/ssh_host_ed25519_key.pub.
[   16.135163] cloud-init[962]: The key fingerprint is:
[   16.140930] cloud-init[962]: SHA256:x4t1W+XEqJdRDCUN0jzfWuU+NT9qJY1/x8sQ+cl6ssc root@ubuntu-xenial
[   16.153272] cloud-init[962]: The key's randomart image is:
[   16.153856] cloud-init[962]: +--[ED25519 256]--+
[   16.154555] cloud-init[962]: |            .o+*o|
[   16.155277] cloud-init[962]: |             .+=+|
[   16.157418] cloud-init[962]: |              o+*|
[   16.157721] cloud-init[962]: |         .   ..B*|
[   16.158214] cloud-init[962]: |        S + oo*+=|
[[0;32m  OK  [0m] Started System Logging Service.
[   16.158950] cloud-init[962]: |         + o *==+|
[   16.170035] cloud-init[962]: |        . . ..*=o|
[   16.172114] cloud-init[962]: |             ++E+|
[   16.173817] cloud-init[962]: |            .o=o+|
[   16.182100] cloud-init[962]: +----[SHA256]-----+
[[0;32m  OK  [0m] Started /etc/rc.local Compatibility.
[[0;32m  OK  [0m] Started iSCSI initiator daemon (iscsid).
         Starting Authenticate and Authorize Users to Run Privileged Tasks...
         Starting Login to default iSCSI targets...
[[0;32m  OK  [0m] Started LSB: Record successful boot for GRUB.
[[0;32m  OK  [0m] Started Login Service.
[[0;32m  OK  [0m] Started Unattended Upgrades Shutdown.
[[0;32m  OK  [0m] Started LSB: MD monitoring daemon.
[[0;32m  OK  [0m] Started Login to default iSCSI targets.
[[0;32m  OK  [0m] Reached target Remote File Systems (Pre).
[[0;32m  OK  [0m] Reached target Remote File Systems.
         Starting LSB: Set the CPU Frequency Scaling governor to "ondemand"...
         Starting LSB: daemon to balance interrupts for SMP systems...
         Starting Permit User Sessions...
         Starting LSB: automatic crash report generation...
[[0;32m  OK  [0m] Started Authenticate and Authorize Users to Run Privileged Tasks.
[[0;32m  OK  [0m] Started Accounts Service.
[[0;32m  OK  [0m] Started Permit User Sessions.
         Starting Terminate Plymouth Boot Screen...
         Starting Hold until boot process finishes up...
[[0;32m  OK  [0m] Started LXD - container startup/shutdown.
[[0;32m  OK  [0m] Started LSB: Set the CPU Frequency Scaling governor to "ondemand".
[[0;32m  OK  [0m] Started Terminate Plymouth Boot Screen.
[[0;32m  OK  [0m] Started Hold until boot process finishes up.
[[0;32m  OK  [0m] Started Virtualbox guest utils.
[[0;32m  OK  [0m] Started Getty on tty1.
         Starting Set console scheme...
[[0;32m  OK  [0m] Started Serial Getty on ttyS0.
[[0;32m  OK  [0m] Reached target Login Prompts.
[[0;32m  OK  [0m] Started LSB: automatic crash report generation.
[[0;32m  OK  [0m] Started Set console scheme.
[[0;32m  OK  [0m] Started LSB: daemon to balance interrupts for SMP systems.
[[0;32m  OK  [0m] Started Snappy daemon.
         Starting Wait until snapd is fully seeded...

Ubuntu 16.04.6 LTS ubuntu-xenial ttyS0

ubuntu-xenial login: 