[    0.000000] Initializing cgroup subsys cpuset
[    0.000000] Initializing cgroup subsys cpu
[    0.000000] Initializing cgroup subsys cpuacct
[    0.000000] Linux version 4.4.0-173-generic (buildd@lgw01-amd64-037) (gcc version 5.4.0 20160609 (Ubuntu 5.4.0-6ubuntu1~16.04.12) ) #203-Ubuntu SMP Wed Jan 15 02:55:01 UTC 2020 (Ubuntu 4.4.0-173.203-generic 4.4.208)
[    0.000000] Command line: BOOT_IMAGE=/boot/vmlinuz-4.4.0-173-generic root=LABEL=cloudimg-rootfs ro console=tty1 console=ttyS0
[    0.000000] KERNEL supported cpus:
[    0.000000]   Intel GenuineIntel
[    0.000000]   AMD AuthenticAMD
[    0.000000]   Centaur CentaurHauls
[    0.000000] x86/fpu: xstate_offset[2]:  576, xstate_sizes[2]:  256
[    0.000000] x86/fpu: Supporting XSAVE feature 0x01: 'x87 floating point registers'
[    0.000000] x86/fpu: Supporting XSAVE feature 0x02: 'SSE registers'
[    0.000000] x86/fpu: Supporting XSAVE feature 0x04: 'AVX registers'
[    0.000000] x86/fpu: Enabled xstate features 0x7, context size is 832 bytes, using 'standard' format.
[    0.000000] e820: BIOS-provided physical RAM map:
[    0.000000] BIOS-e820: [mem 0x0000000000000000-0x000000000009fbff] usable
[    0.000000] BIOS-e820: [mem 0x000000000009fc00-0x000000000009ffff] reserved
[    0.000000] BIOS-e820: [mem 0x00000000000f0000-0x00000000000fffff] reserved
[    0.000000] BIOS-e820: [mem 0x0000000000100000-0x000000003ffeffff] usable
[    0.000000] BIOS-e820: [mem 0x000000003fff0000-0x000000003fffffff] ACPI data
[    0.000000] BIOS-e820: [mem 0x00000000fec00000-0x00000000fec00fff] reserved
[    0.000000] BIOS-e820: [mem 0x00000000fee00000-0x00000000fee00fff] reserved
[    0.000000] BIOS-e820: [mem 0x00000000fffc0000-0x00000000ffffffff] reserved
[    0.000000] NX (Execute Disable) protection: active
[    0.000000] SMBIOS 2.5 present.
[    0.000000] Hypervisor detected: KVM
[    0.000000] e820: last_pfn = 0x3fff0 max_arch_pfn = 0x400000000
[    0.000000] MTRR: Disabled
[    0.000000] x86/PAT: MTRRs disabled, skipping PAT initialization too.
[    0.000000] CPU MTRRs all blank - virtualized system.
[    0.000000] x86/PAT: Configuration [0-7]: WB  WT  UC- UC  WB  WT  UC- UC  
[    0.000000] found SMP MP-table at [mem 0x0009fff0-0x0009ffff] mapped at [ffff88000009fff0]
[    0.000000] Scanning 1 areas for low memory corruption
[    0.000000] RAMDISK: [mem 0x362e4000-0x37169fff]
[    0.000000] ACPI: Early table checksum verification disabled
[    0.000000] ACPI: RSDP 0x00000000000E0000 000024 (v02 VBOX  )
[    0.000000] ACPI: XSDT 0x000000003FFF0030 00003C (v01 VBOX   VBOXXSDT 00000001 ASL  00000061)
[    0.000000] ACPI: FACP 0x000000003FFF00F0 0000F4 (v04 VBOX   VBOXFACP 00000001 ASL  00000061)
[    0.000000] ACPI: DSDT 0x000000003FFF0470 002325 (v02 VBOX   VBOXBIOS 00000002 INTL 20100528)
[    0.000000] ACPI: FACS 0x000000003FFF0200 000040
[    0.000000] ACPI: FACS 0x000000003FFF0200 000040
[    0.000000] ACPI: APIC 0x000000003FFF0240 00005C (v02 VBOX   VBOXAPIC 00000001 ASL  00000061)
[    0.000000] ACPI: SSDT 0x000000003FFF02A0 0001CC (v01 VBOX   VBOXCPUT 00000002 INTL 20100528)
[    0.000000] No NUMA configuration found
[    0.000000] Faking a node at [mem 0x0000000000000000-0x000000003ffeffff]
[    0.000000] NODE_DATA(0) allocated [mem 0x3ffeb000-0x3ffeffff]
[    0.000000] kvm-clock: Using msrs 4b564d01 and 4b564d00
[    0.000000] kvm-clock: cpu 0, msr 0:3ffe3001, primary cpu clock
[    0.000000] kvm-clock: using sched offset of 3880032969 cycles
[    0.000000] clocksource: kvm-clock: mask: 0xffffffffffffffff max_cycles: 0x1cd42e4dffb, max_idle_ns: 881590591483 ns
[    0.000000] Zone ranges:
[    0.000000]   DMA      [mem 0x0000000000001000-0x0000000000ffffff]
[    0.000000]   DMA32    [mem 0x0000000001000000-0x000000003ffeffff]
[    0.000000]   Normal   empty
[    0.000000]   Device   empty
[    0.000000] Movable zone start for each node
[    0.000000] Early memory node ranges
[    0.000000]   node   0: [mem 0x0000000000001000-0x000000000009efff]
[    0.000000]   node   0: [mem 0x0000000000100000-0x000000003ffeffff]
[    0.000000] Initmem setup node 0 [mem 0x0000000000001000-0x000000003ffeffff]
[    0.000000] ACPI: PM-Timer IO Port: 0x4008
[    0.000000] IOAPIC[0]: apic_id 2, version 32, address 0xfec00000, GSI 0-23
[    0.000000] ACPI: INT_SRC_OVR (bus 0 bus_irq 0 global_irq 2 dfl dfl)
[    0.000000] ACPI: INT_SRC_OVR (bus 0 bus_irq 9 global_irq 9 low level)
[    0.000000] Using ACPI (MADT) for SMP configuration information
[    0.000000] smpboot: Allowing 2 CPUs, 0 hotplug CPUs
[    0.000000] PM: Registered nosave memory: [mem 0x00000000-0x00000fff]
[    0.000000] PM: Registered nosave memory: [mem 0x0009f000-0x0009ffff]
[    0.000000] PM: Registered nosave memory: [mem 0x000a0000-0x000effff]
[    0.000000] PM: Registered nosave memory: [mem 0x000f0000-0x000fffff]
[    0.000000] e820: [mem 0x40000000-0xfebfffff] available for PCI devices
[    0.000000] Booting paravirtualized kernel on KVM
[    0.000000] clocksource: refined-jiffies: mask: 0xffffffff max_cycles: 0xffffffff, max_idle_ns: 7645519600211568 ns
[    0.000000] setup_percpu: NR_CPUS:512 nr_cpumask_bits:512 nr_cpu_ids:2 nr_node_ids:1
[    0.000000] PERCPU: Embedded 33 pages/cpu @ffff88003fc00000 s95448 r8192 d31528 u1048576
[    0.000000] Built 1 zonelists in Node order, mobility grouping on.  Total pages: 257912
[    0.000000] Policy zone: DMA32
[    0.000000] Kernel command line: BOOT_IMAGE=/boot/vmlinuz-4.4.0-173-generic root=LABEL=cloudimg-rootfs ro console=tty1 console=ttyS0
[    0.000000] PID hash table entries: 4096 (order: 3, 32768 bytes)
[    0.000000] Memory: 997680K/1048120K available (8626K kernel code, 1336K rwdata, 4032K rodata, 1488K init, 1292K bss, 50440K reserved, 0K cma-reserved)
[    0.000000] SLUB: HWalign=64, Order=0-3, MinObjects=0, CPUs=2, Nodes=1
[    0.000000] Kernel/User page tables isolation: enabled
[    0.000000] Hierarchical RCU implementation.
[    0.000000] 	Build-time adjustment of leaf fanout to 64.
[    0.000000] 	RCU restricting CPUs from NR_CPUS=512 to nr_cpu_ids=2.
[    0.000000] RCU: Adjusting geometry for rcu_fanout_leaf=64, nr_cpu_ids=2
[    0.000000] NR_IRQS:33024 nr_irqs:440 16
[    0.000000] Console: colour VGA+ 80x25
[    0.000000] console [tty1] enabled
[    0.000000] console [ttyS0] enabled
[    0.000000] tsc: Detected 2712.000 MHz processor
[    0.281739] Calibrating delay loop (skipped) preset value.. 5424.00 BogoMIPS (lpj=10848000)
[    0.284753] pid_max: default: 32768 minimum: 301
[    0.286345] ACPI: Core revision 20150930
[    0.291590] ACPI: 2 ACPI AML tables successfully acquired and loaded
[    0.294017] Security Framework initialized
[    0.295490] Yama: becoming mindful.
[    0.296873] AppArmor: AppArmor initialized
[    0.298526] Dentry cache hash table entries: 131072 (order: 8, 1048576 bytes)
[    0.307189] Inode-cache hash table entries: 65536 (order: 7, 524288 bytes)
[    0.309460] Mount-cache hash table entries: 2048 (order: 2, 16384 bytes)
[    0.311653] Mountpoint-cache hash table entries: 2048 (order: 2, 16384 bytes)
[    0.314483] Initializing cgroup subsys io
[    0.315973] Initializing cgroup subsys memory
[    0.317721] Initializing cgroup subsys devices
[    0.319320] Initializing cgroup subsys freezer
[    0.320911] Initializing cgroup subsys net_cls
[    0.322773] Initializing cgroup subsys perf_event
[    0.324512] Initializing cgroup subsys net_prio
[    0.326549] Initializing cgroup subsys hugetlb
[    0.328145] Initializing cgroup subsys pids
[    0.331873] mce: CPU supports 0 MCE banks
[    0.333712] Last level iTLB entries: 4KB 64, 2MB 8, 4MB 8
[    0.335514] Last level dTLB entries: 4KB 64, 2MB 0, 4MB 0, 1GB 4
[    0.337463] Spectre V1 : Mitigation: usercopy/swapgs barriers and __user pointer sanitization
[    0.341015] Spectre V2 : Mitigation: Full generic retpoline
[    0.342872] Spectre V2 : Spectre v2 / SpectreRSB mitigation: Filling RSB on context switch
[    0.345709] Speculative Store Bypass: Vulnerable
[    0.347411] MDS: Vulnerable: Clear CPU buffers attempted, no microcode
[    0.355642] Freeing SMP alternatives memory: 36K
[    0.371552] ftrace: allocating 32304 entries in 127 pages
[    0.506809] smpboot: APIC(0) Converting physical 0 to logical package 0
[    0.508994] smpboot: Max logical packages: 1
[    0.510896] x2apic enabled
[    0.512328] Switched APIC routing to physical x2apic.
[    0.516238] ..TIMER: vector=0x30 apic1=0 pin1=2 apic2=-1 pin2=-1
[    0.626102] smpboot: CPU0: Intel(R) Core(TM) i5-7200U CPU @ 2.50GHz (family: 0x6, model: 0x8e, stepping: 0x9)
[    0.630554] Performance Events: unsupported p6 CPU model 142 no PMU driver, software events only.
[    0.653511] KVM setup paravirtual spinlock
[    0.657078] x86: Booting SMP configuration:
[    0.658580] .... node  #0, CPUs:      #1
[    0.660007] kvm-clock: cpu 1, msr 0:3ffe3041, secondary cpu clock
[    0.663162] mce: CPU supports 0 MCE banks
[    0.665993] x86: Booted up 1 node, 2 CPUs
[    0.667906] smpboot: Total of 2 processors activated (10848.00 BogoMIPS)
[    0.670978] devtmpfs: initialized
[    0.675116] evm: security.selinux
[    0.676446] evm: security.SMACK64
[    0.677748] evm: security.SMACK64EXEC
[    0.678954] evm: security.SMACK64TRANSMUTE
[    0.680760] evm: security.SMACK64MMAP
[    0.682133] evm: security.ima
[    0.683162] evm: security.capability
[    0.684582] clocksource: jiffies: mask: 0xffffffff max_cycles: 0xffffffff, max_idle_ns: 7645041785100000 ns
[    0.687872] futex hash table entries: 512 (order: 3, 32768 bytes)
[    0.689683] pinctrl core: initialized pinctrl subsystem
[    0.691248] RTC time: 17:53:51, date: 02/17/20
[    0.693111] NET: Registered protocol family 16
[    0.706121] cpuidle: using governor ladder
[    0.718333] cpuidle: using governor menu
[    0.720250] PCCT header not found.
[    0.722748] ACPI: bus type PCI registered
[    0.726441] acpiphp: ACPI Hot Plug PCI Controller Driver version: 0.5
[    0.731569] PCI: Using configuration type 1 for base access
[    0.752839] ACPI: Added _OSI(Module Device)
[    0.756177] ACPI: Added _OSI(Processor Device)
[    0.759638] ACPI: Added _OSI(3.0 _SCP Extensions)
[    0.764656] ACPI: Added _OSI(Processor Aggregator Device)
[    0.771243] ACPI: Executed 1 blocks of module-level executable AML code
[    0.784074] ACPI: Interpreter enabled
[    0.787336] ACPI: (supports S0 S5)
[    0.790390] ACPI: Using IOAPIC for interrupt routing
[    0.794822] PCI: Using host bridge windows from ACPI; if necessary, use "pci=nocrs" and report a bug
[    0.815539] ACPI: PCI Root Bridge [PCI0] (domain 0000 [bus 00-ff])
[    0.820206] acpi PNP0A03:00: _OSC: OS supports [ASPM ClockPM Segments MSI]
[    0.826516] acpi PNP0A03:00: _OSC: not requesting OS control; OS requires [ExtendedConfig ASPM ClockPM MSI]
[    0.833989] acpi PNP0A03:00: fail to add MMCONFIG information, can't access extended PCI configuration space under this bridge.
[    0.843438] PCI host bridge to bus 0000:00
[    0.846584] pci_bus 0000:00: root bus resource [io  0x0000-0x0cf7 window]
[    0.851624] pci_bus 0000:00: root bus resource [io  0x0d00-0xffff window]
[    0.859073] pci_bus 0000:00: root bus resource [mem 0x000a0000-0x000bffff window]
[    0.868979] pci_bus 0000:00: root bus resource [mem 0x40000000-0xfdffffff window]
[    0.878542] pci_bus 0000:00: root bus resource [bus 00-ff]
[    0.895493] pci 0000:00:01.1: legacy IDE quirk: reg 0x10: [io  0x01f0-0x01f7]
[    0.902496] pci 0000:00:01.1: legacy IDE quirk: reg 0x14: [io  0x03f6]
[    0.906868] pci 0000:00:01.1: legacy IDE quirk: reg 0x18: [io  0x0170-0x0177]
[    0.911908] pci 0000:00:01.1: legacy IDE quirk: reg 0x1c: [io  0x0376]
[    0.976397] pci 0000:00:07.0: quirk: [io  0x4000-0x403f] claimed by PIIX4 ACPI
[    0.979014] pci 0000:00:07.0: quirk: [io  0x4100-0x410f] claimed by PIIX4 SMB
[    0.998187] ACPI: PCI Interrupt Link [LNKA] (IRQs 5 9 10 *11)
[    1.001119] ACPI: PCI Interrupt Link [LNKB] (IRQs 5 9 *10 11)
[    1.004196] ACPI: PCI Interrupt Link [LNKC] (IRQs 5 *9 10 11)
[    1.006963] ACPI: PCI Interrupt Link [LNKD] (IRQs 5 9 10 *11)
[    1.009269] ACPI: Enabled 2 GPEs in block 00 to 07
[    1.011272] vgaarb: setting as boot device: PCI:0000:00:02.0
[    1.012836] vgaarb: device added: PCI:0000:00:02.0,decodes=io+mem,owns=io+mem,locks=none
[    1.015196] vgaarb: loaded
[    1.016310] vgaarb: bridge control possible 0000:00:02.0
[    1.017987] SCSI subsystem initialized
[    1.019369] ACPI: bus type USB registered
[    1.020656] usbcore: registered new interface driver usbfs
[    1.022134] usbcore: registered new interface driver hub
[    1.023950] usbcore: registered new device driver usb
[    1.026578] PCI: Using ACPI for IRQ routing
[    1.034593] NetLabel: Initializing
[    1.036306] NetLabel:  domain hash size = 128
[    1.038128] NetLabel:  protocols = UNLABELED CIPSOv4
[    1.040051] NetLabel:  unlabeled traffic allowed by default
[    1.042198] amd_nb: Cannot enumerate AMD northbridges
[    1.044239] clocksource: Switched to clocksource kvm-clock
[    1.065961] AppArmor: AppArmor Filesystem Enabled
[    1.067696] pnp: PnP ACPI init
[    1.070532] pnp: PnP ACPI: found 3 devices
[    1.090496] clocksource: acpi_pm: mask: 0xffffff max_cycles: 0xffffff, max_idle_ns: 2085701024 ns
[    1.093068] NET: Registered protocol family 2
[    1.094613] TCP established hash table entries: 8192 (order: 4, 65536 bytes)
[    1.096567] TCP bind hash table entries: 8192 (order: 5, 131072 bytes)
[    1.098268] TCP: Hash tables configured (established 8192 bind 8192)
[    1.100188] UDP hash table entries: 512 (order: 2, 16384 bytes)
[    1.101831] UDP-Lite hash table entries: 512 (order: 2, 16384 bytes)
[    1.103844] NET: Registered protocol family 1
[    1.105363] pci 0000:00:00.0: Limiting direct PCI/PCI transfers
[    1.107007] pci 0000:00:01.0: Activating ISA DMA hang workarounds
[    1.108791] Unpacking initramfs...
[    1.581025] Freeing initrd memory: 14872K
[    1.582935] clocksource: tsc: mask: 0xffffffffffffffff max_cycles: 0x2717868ea45, max_idle_ns: 440795316085 ns
[    1.585883] platform rtc_cmos: registered platform RTC device (no PNP device found)
[    1.588072] Scanning for low memory corruption every 60 seconds
[    1.590298] audit: initializing netlink subsys (disabled)
[    1.592079] audit: type=2000 audit(1581962037.656:1): initialized
[    1.594025] Initialise system trusted keyring
[    1.595671] HugeTLB registered 2 MB page size, pre-allocated 0 pages
[    1.600162] zbud: loaded
[    1.601681] VFS: Disk quotas dquot_6.6.0
[    1.602856] VFS: Dquot-cache hash table entries: 512 (order 0, 4096 bytes)
[    1.605020] squashfs: version 4.0 (2009/01/31) Phillip Lougher
[    1.607365] fuse init (API version 7.23)
[    1.609676] Key type big_key registered
[    1.611311] Allocating IMA MOK and blacklist keyrings.
[    1.616114] Key type asymmetric registered
[    1.617786] Asymmetric key parser 'x509' registered
[    1.619540] Block layer SCSI generic (bsg) driver version 0.4 loaded (major 249)
[    1.622139] io scheduler noop registered
[    1.623372] io scheduler deadline registered (default)
[    1.624953] io scheduler cfq registered
[    1.626295] pci_hotplug: PCI Hot Plug PCI Core version: 0.5
[    1.627848] pciehp: PCI Express Hot Plug Controller Driver version: 0.4
[    1.629793] ACPI: AC Adapter [AC] (off-line)
[    1.631214] input: Power Button as /devices/LNXSYSTM:00/LNXPWRBN:00/input/input0
[    1.634034] ACPI: Power Button [PWRF]
[    1.635291] input: Sleep Button as /devices/LNXSYSTM:00/LNXSLPBN:00/input/input1
[    1.637452] ACPI: Sleep Button [SLPF]
[    1.638812] GHES: HEST is not enabled!
[    1.639641] ACPI: Battery Slot [BAT0] (battery present)
[    1.642054] Serial: 8250/16550 driver, 32 ports, IRQ sharing enabled
[    1.664478] 00:02: ttyS0 at I/O 0x3f8 (irq = 4, base_baud = 115200) is a 16550A
[    1.677294] Linux agpgart interface v0.103
[    1.684358] loop: module loaded
[    1.686662] scsi host0: ata_piix
[    1.688637] scsi host1: ata_piix
[    1.689957] ata1: PATA max UDMA/33 cmd 0x1f0 ctl 0x3f6 bmdma 0xd000 irq 14
[    1.691817] ata2: PATA max UDMA/33 cmd 0x170 ctl 0x376 bmdma 0xd008 irq 15
[    1.694768] libphy: Fixed MDIO Bus: probed
[    1.696127] tun: Universal TUN/TAP device driver, 1.6
[    1.697738] tun: (C) 1999-2004 Max Krasnyansky <maxk@qualcomm.com>
[    1.699930] PPP generic driver version 2.4.2
[    1.701482] ehci_hcd: USB 2.0 'Enhanced' Host Controller (EHCI) Driver
[    1.703701] ehci-pci: EHCI PCI platform driver
[    1.705034] ehci-platform: EHCI generic platform driver
[    1.706572] ohci_hcd: USB 1.1 'Open' Host Controller (OHCI) Driver
[    1.708430] ohci-pci: OHCI PCI platform driver
[    1.709812] ohci-platform: OHCI generic platform driver
[    1.711318] uhci_hcd: USB Universal Host Controller Interface driver
[    1.713207] i8042: PNP: PS/2 Controller [PNP0303:PS2K,PNP0f03:PS2M] at 0x60,0x64 irq 1,12
[    1.716579] serio: i8042 KBD port at 0x60,0x64 irq 1
[    1.718027] serio: i8042 AUX port at 0x60,0x64 irq 12
[    1.719934] mousedev: PS/2 mouse device common for all mice
[    1.723229] input: AT Translated Set 2 keyboard as /devices/platform/i8042/serio0/input/input2
[    1.726536] rtc_cmos rtc_cmos: rtc core: registered rtc_cmos as rtc0
[    1.728545] rtc_cmos rtc_cmos: alarms up to one day, 114 bytes nvram
[    1.730552] i2c /dev entries driver
[    1.731908] device-mapper: uevent: version 1.0.3
[    1.733551] device-mapper: ioctl: 4.34.0-ioctl (2015-10-28) initialised: dm-devel@redhat.com
[    1.736209] ledtrig-cpu: registered to indicate activity on CPUs
[    1.738927] NET: Registered protocol family 10
[    1.741409] NET: Registered protocol family 17
[    1.743007] Key type dns_resolver registered
[    1.746056] registered taskstats version 1
[    1.747542] Loading compiled-in X.509 certificates
[    1.749849] Loaded X.509 cert 'Build time autogenerated kernel key: 4e6a82653c7e3a258f066f23f1954299de63b157'
[    1.752569] zswap: loaded using pool lzo/zbud
[    1.757553] Key type trusted registered
[    1.765464] Key type encrypted registered
[    1.766951] AppArmor: AppArmor sha1 policy hashing enabled
[    1.769216] ima: No TPM chip found, activating TPM-bypass!
[    1.771493] ima: Allocated hash algorithm: sha1
[    1.773137] evm: HMAC attrs: 0x1
[    1.774943]   Magic number: 8:395:896
[    1.776357] rtc_cmos rtc_cmos: setting system clock to 2020-02-17 17:53:52 UTC (1581962032)
[    1.779158] BIOS EDD facility v0.16 2004-Jun-25, 0 devices found
[    1.780843] EDD information not available.
[    1.883287] Freeing unused kernel memory: 1488K
[    1.886860] Write protecting the kernel read-only data: 14336k
[    1.892640] Freeing unused kernel memory: 1604K
[    1.896763] Freeing unused kernel memory: 64K
Loading, please wait...
starting version 229
[    1.946076] random: systemd-udevd: uninitialized urandom read (16 bytes read, 5 bits of entropy available)
[    1.948641] random: udevadm: uninitialized urandom read (16 bytes read, 5 bits of entropy available)
[    1.948716] random: udevadm: uninitialized urandom read (16 bytes read, 5 bits of entropy available)
[    1.970524] random: systemd-udevd: uninitialized urandom read (16 bytes read, 5 bits of entropy available)
[    1.978375] random: systemd-udevd: uninitialized urandom read (16 bytes read, 5 bits of entropy available)
[    1.984761] random: systemd-udevd: uninitialized urandom read (16 bytes read, 5 bits of entropy available)
[    1.988059] random: udevadm: uninitialized urandom read (16 bytes read, 5 bits of entropy available)
[    1.988133] random: udevadm: uninitialized urandom read (16 bytes read, 5 bits of entropy available)
[    1.988608] random: udevadm: uninitialized urandom read (16 bytes read, 5 bits of entropy available)
[    1.988717] random: udevadm: uninitialized urandom read (16 bytes read, 5 bits of entropy available)
[    2.068112] Fusion MPT base driver 3.04.20
[    2.069633] Copyright (c) 1999-2008 LSI Corporation
[    2.075029] e1000: Intel(R) PRO/1000 Network Driver - version 7.3.21-k8-NAPI
[    2.077070] e1000: Copyright (c) 1999-2006 Intel Corporation.
[    2.142908] AVX2 version of gcm_enc/dec engaged.
[    2.144364] AES CTR mode by8 optimization enabled
[    2.147821] Fusion MPT SPI Host driver 3.04.20
[    2.314814] input: ImExPS/2 Generic Explorer Mouse as /devices/platform/i8042/serio1/input/input4
[    2.580475] e1000 0000:00:03.0 eth0: (PCI:33MHz:32-bit) 02:0e:0c:9a:00:f0
[    2.588407] e1000 0000:00:03.0 eth0: Intel(R) PRO/1000 Network Connection
[    3.088272] e1000 0000:00:08.0 eth1: (PCI:33MHz:32-bit) 08:00:27:4e:f2:6f
[    3.090240] e1000 0000:00:08.0 eth1: Intel(R) PRO/1000 Network Connection
[    3.093544] e1000 0000:00:08.0 enp0s8: renamed from eth1
[    3.095512] mptbase: ioc0: Initiating bringup
[    3.105434] e1000 0000:00:03.0 enp0s3: renamed from eth0
[    3.585285] ioc0: LSI53C1030 A0: Capabilities={Initiator}
[    5.589502] scsi host2: ioc0: LSI53C1030 A0, FwRev=00000000h, Ports=1, MaxQ=256, IRQ=20
[    8.112777] scsi 2:0:0:0: Direct-Access     VBOX     HARDDISK         1.0  PQ: 0 ANSI: 5
[    8.122443] scsi target2:0:0: Beginning Domain Validation
[    8.137901] scsi target2:0:0: Domain Validation skipping write tests
[    8.143453] scsi target2:0:0: Ending Domain Validation
[    8.148973] scsi target2:0:0: asynchronous
[    8.156116] scsi 2:0:1:0: Direct-Access     VBOX     HARDDISK         1.0  PQ: 0 ANSI: 5
[    8.167669] scsi target2:0:1: Beginning Domain Validation
[    8.217124] scsi target2:0:1: Domain Validation skipping write tests
[    8.223106] scsi target2:0:1: Ending Domain Validation
[    8.226783] scsi target2:0:1: asynchronous
[    8.254186] sd 2:0:0:0: [sda] 20971520 512-byte logical blocks: (10.7 GB/10.0 GiB)
[    8.259599] sd 2:0:0:0: Attached scsi generic sg0 type 0
[    8.263335] sd 2:0:0:0: [sda] Write Protect is off
[    8.266755] sd 2:0:0:0: [sda] Incomplete mode parameter data
[    8.269882] sd 2:0:0:0: [sda] Assuming drive cache: write through
[    8.270342] sd 2:0:1:0: [sdb] 20480 512-byte logical blocks: (10.5 MB/10.0 MiB)
[    8.270892] sd 2:0:1:0: [sdb] Write Protect is off
[    8.271198] sd 2:0:1:0: [sdb] Incomplete mode parameter data
[    8.271201] sd 2:0:1:0: [sdb] Assuming drive cache: write through
[    8.281044] sd 2:0:1:0: Attached scsi generic sg1 type 0
[    8.286055] sd 2:0:1:0: [sdb] Attached SCSI disk
[    8.291609]  sda: sda1
[    8.294491] sd 2:0:0:0: [sda] Attached SCSI disk
Begin: Loading essential drivers ... [   10.241120] md: linear personality registered for level -1
[   10.246936] md: multipath personality registered for level -4
[   10.252484] md: raid0 personality registered for level 0
[   10.262195] md: raid1 personality registered for level 1
[   10.340343] raid6: sse2x1   gen()  5904 MB/s
[   10.408423] raid6: sse2x1   xor()  4344 MB/s
[   10.476330] raid6: sse2x2   gen() 10188 MB/s
[   10.544333] raid6: sse2x2   xor()  4695 MB/s
[   10.612689] raid6: sse2x4   gen()  7010 MB/s
[   10.680299] raid6: sse2x4   xor()  5217 MB/s
[   10.748841] raid6: avx2x1   gen() 12005 MB/s
[   10.816329] raid6: avx2x2   gen() 15000 MB/s
[   10.884810] raid6: avx2x4   gen() 14878 MB/s
[   10.886259] raid6: using algorithm avx2x2 gen() 15000 MB/s
[   10.888322] raid6: using avx2x2 recovery algorithm
[   10.892857] xor: automatically using best checksumming function:
[   10.932890]    avx       : 15887.000 MB/sec
[   10.936733] async_tx: api initialized (async)
[   10.962710] md: raid6 personality registered for level 6
[   10.965190] md: raid5 personality registered for level 5
[   10.967718] md: raid4 personality registered for level 4
[   10.982604] md: raid10 personality registered for level 10
done.
Begin: Running /scripts/init-premount ... done.
Begin: Mounting root file system ... Begin: Running /scripts/local-top ... done.
Begin: Running /scripts/local-premount ... [   11.045750] Btrfs loaded
Scanning for Btrfs filesystems
done.
Warning: fsck not present, so skipping root file system
[   11.097117] EXT4-fs (sda1): mounted filesystem with ordered data mode. Opts: (null)
done.
Begin: Running /scripts/local-bottom ... done.
Begin: Running /scripts/init-bottom ... done.
[   11.303478] systemd[1]: systemd 229 running in system mode. (+PAM +AUDIT +SELINUX +IMA +APPARMOR +SMACK +SYSVINIT +UTMP +LIBCRYPTSETUP +GCRYPT +GNUTLS +ACL +XZ -LZ4 +SECCOMP +BLKID +ELFUTILS +KMOD -IDN)
[   11.314755] systemd[1]: Detected virtualization oracle.
[   11.318403] systemd[1]: Detected architecture x86-64.

Welcome to [1mUbuntu 16.04.6 LTS[0m!

[   11.328188] systemd[1]: Set hostname to <ubuntu>.
[   11.339134] systemd[1]: Initializing machine ID from random generator.
[   11.343400] systemd[1]: Installed transient /etc/machine-id file.
[   11.577190] systemd[1]: Set up automount Arbitrary Executable File Formats File System Automount Point.
[[0;32m  OK  [0m] Set up automount Arbitrary Executab...ats File System Automount Point.
[   11.584780] systemd[1]: Listening on udev Control Socket.
[[0;32m  OK  [0m] Listening on udev Control Socket.
[   11.589359] systemd[1]: Listening on Syslog Socket.
[[0;32m  OK  [0m] Listening on Syslog Socket.
[   11.593698] systemd[1]: Reached target User and Group Name Lookups.
[[0;32m  OK  [0m] Reached target User and Group Name Lookups.
[   11.598447] systemd[1]: Listening on Journal Socket.
[[0;32m  OK  [0m] Listening on Journal Socket.
[   11.603277] systemd[1]: Listening on /dev/initctl Compatibility Named Pipe.
[[0;32m  OK  [0m] Listening on /dev/initctl Compatibility Named Pipe.
[   11.608287] systemd[1]: Listening on Device-mapper event daemon FIFOs.
[[0;32m  OK  [0m] Listening on Device-mapper event daemon FIFOs.
[   11.612508] systemd[1]: Started Trigger resolvconf update for networkd DNS.
[[0;32m  OK  [0m] Started Trigger resolvconf update for networkd DNS.
[   11.617391] systemd[1]: Listening on LVM2 poll daemon socket.
[[0;32m  OK  [0m] Listening on LVM2 poll daemon socket.
[   11.621820] systemd[1]: Listening on Journal Audit Socket.
[[0;32m  OK  [0m] Listening on Journal Audit Socket.
[   11.632757] systemd[1]: Listening on LVM2 metadata daemon socket.
[[0;32m  OK  [0m] Listening on LVM2 metadata daemon socket.
[   11.637706] systemd[1]: Created slice System Slice.
[[0;32m  OK  [0m] Created slice System Slice.
[   11.653048] systemd[1]: Starting Remount Root and Kernel File Systems...
         Starting Remount Root and Kernel File Systems...
[   11.662161] EXT4-fs (sda1): re-mounted. Opts: (null)
[   11.670334] systemd[1]: Created slice system-serial\x2dgetty.slice.
[[0;32m  OK  [0m] Created slice system-serial\x2dgetty.slice.
[   11.676004] systemd[1]: Starting Create list of required static device nodes for the current kernel...
         Starting Create list of required st... nodes for the current kernel...
[   11.684554] systemd[1]: Starting Load Kernel Modules...
         Starting Load Kernel Modules...
[   11.688923] systemd[1]: Starting Set console keymap...
         Starting Set console keymap...
[   11.693821] systemd[1]: Starting Monitoring of LVM2 mirrors, snapshots etc. using dmeventd or progress polling...
         Starting Monitoring of LVM2 mirrors... dmeventd or progress polling...
[   11.701798] systemd[1]: Started Forward Password Requests to Wall Directory Watch.
[[0;32m  OK  [0m] Started Forward Password Requests to Wall Directory Watch.
[   11.707657] systemd[1]: Reached target Swap.
[[0;32m  OK  [0m] Reached target Swap.
[   11.711903] systemd[1]: Reached target Encrypted Volumes.
[[0;32m  OK  [0m] Reached target Encrypted Volumes.
[   11.716651] Loading iSCSI transport class v2.0-870.
[   11.735628] iscsi: registered transport (tcp)
[   11.740511] systemd[1]: Starting Nameserver information manager...
         Starting Nameserver information manager...
[   11.744866] systemd[1]: Reached target System Time Synchronized.
[[0;32m  OK  [0m] Reached target System Time Synchronized.
[   11.752994] systemd[1]: Starting Uncomplicated firewall...
         Starting Uncomplicated firewall...
[   11.757678] systemd[1]: Mounting POSIX Message Queue File System...
         Mounting POSIX Message Queue File System...
[   11.761657] systemd[1]: Listening on Journal Socket (/dev/log).
[[0;32m  OK  [0m] Listening on Journal Socket (/dev/log).
[   11.765870] systemd[1]: Starting Journal Service...
         Starting Journal Service...
[   11.773024] systemd[1]: Mounting Huge Pages File System...
         Mounting Huge Pages File System...
[   11.777849] systemd[1]: Mounting Debug File System...
         Mounting Debug File System...
[   11.784678] systemd[1]: Created slice User and Session Slice.
[[0;32m  OK  [0m] Created slice User and Session Slice.
[   11.790234] systemd[1]: Reached target Slices.
[[0;32m  OK  [0m] Reached target Slices.
[   11.794857] systemd[1]: Listening on udev Kernel Socket.
[[0;32m  OK  [0m] Listening on udev Kernel Socket.
[   11.801779] systemd[1]: Mounted Debug File System.
[[0;32m  OK  [0m] Mounted Debug File System.
[   11.805177] systemd[1]: Mounted Huge Pages File System.
[[0;32m  OK  [0m] Mounted Huge Pages File System.
[   11.814928] systemd[1]: Mounted POSIX Message Queue File System.
[[0;32m  OK  [0m] Mounted POSIX Message Queue File System.
[   11.825124] systemd[1]: Started Remount Root and Kernel File Systems.
[[0;32m  OK  [0m] Started Remount Root and Kernel File Systems.
[   11.833047] systemd[1]: Started Create list of required static device nodes for the current kernel.
[[0;32m  OK  [0m] Started Create list of required sta...ce nodes for the current kernel.
[   11.849651] systemd[1]: Started Uncomplicated firewall.
[[0;32m  OK  [0m] Started Uncomplicated firewall.
[   11.857551] systemd[1]: Started Nameserver information manager.
[[0;32m  OK  [0m] Started Nameserver information manager.
[   11.862265] systemd[1]: Started Set console keymap.
[[0;32m  OK  [0m] Started Set console keymap.
[   11.868476] systemd[1]: Started LVM2 metadata daemon.
[[0;32m  OK  [0m] Started LVM2 metadata daemon.
[   11.874125] systemd[1]: Starting Create Static Device Nodes in /dev...
         Starting Create Static Device Nodes in /dev...
[   11.877865] systemd[1]: Starting Load/Save Random Seed...
         Starting Load/Save Random Seed...
[   11.882462] systemd[1]: Starting udev Coldplug all Devices...
         Starting udev Coldplug all Devices...
[   11.888034] systemd[1]: Started Load/Save Random Seed.
[[0;32m  OK  [0m] Started Load/Save Random Seed.
[   11.901406] iscsi: registered transport (iser)
[   11.904738] systemd[1]: Started Create Static Device Nodes in /dev.
[[0;32m  OK  [0m] Started Create Static Device Nodes in /dev.
[   11.910981] random: nonblocking pool is initialized
[   11.913099] systemd[1]: Started Load Kernel Modules.
[[0;32m  OK  [0m] Started Load Kernel Modules.
[   11.934373] systemd[1]: Started Journal Service.
[[0;32m  OK  [0m] Started Journal Service.
         Starting Flush Journal to Persistent Storage...
         Starting Apply Kernel Variables...
         Mounting FUSE Control File System...
         Starting udev Kernel Device Manager...
[[0;32m  OK  [0m] Mounted FUSE Control File System.
[   11.980545] systemd-journald[394]: Received request to flush runtime journal from PID 1
[[0;32m  OK  [0m] Started Flush Journal to Persistent Storage.
[[0;32m  OK  [0m] Started Apply Kernel Variables.
[[0;32m  OK  [0m] Started udev Coldplug all Devices.
[[0;32m  OK  [0m] Started udev Kernel Device Manager.
[[0;32m  OK  [0m] Started Dispatch Password Requests to Console Directory Watch.
[[0;32m  OK  [0m] Found device /dev/ttyS0.
[[0;32m  OK  [0m] Started Monitoring of LVM2 mirrors,...ng dmeventd or progress polling.
[[0;32m  OK  [0m] Reached target Local File Systems (Pre).
[[0;32m  OK  [0m] Reached target Local File Systems.
         Starting Create Volatile Files and Directories...
         Starting LSB: AppArmor initialization...
         Starting Commit a transient machine-id on disk...
         Starting Tell Plymouth To Write Out Runtime Data...
         Starting Initial cloud-init job (pre-networking)...
         Starting Set console font and keymap...
[[0;32m  OK  [0m] Started Tell Plymouth To Write Out Runtime Data.
[[0;32m  OK  [0m] Started Create Volatile Files and Directories.
[[0;32m  OK  [0m] Started Commit a transient machine-id on disk.
         Starting Update UTMP about System Boot/Shutdown...
[[0;32m  OK  [0m] Started Update UTMP about System Boot/Shutdown.
[[0;32m  OK  [0m] Listening on Load/Save RF Kill Switch Status /dev/rfkill Watch.
[   14.570680] cloud-init[527]: Cloud-init v. 19.4-33-gbb4131a2-0ubuntu1~16.04.1 running 'init-local' at Mon, 17 Feb 2020 17:54:04 +0000. Up 13.72 seconds.
[[0;32m  OK  [0m] Started Initial cloud-init job (pre-networking).
[[0;32m  OK  [0m] Reached target Network (Pre).
[[0;32m  OK  [0m] Started Set console font and keymap.
[[0;32m  OK  [0m] Created slice system-getty.slice.
[[0;32m  OK  [0m] Started LSB: AppArmor initialization.
         Starting Raise network interfaces...
[[0;32m  OK  [0m] Started Raise network interfaces.
         Starting Initial cloud-init job (metadata service crawler)...
[[0;32m  OK  [0m] Reached target Network.
[   18.415281] cloud-init[971]: Cloud-init v. 19.4-33-gbb4131a2-0ubuntu1~16.04.1 running 'init' at Mon, 17 Feb 2020 17:54:08 +0000. Up 17.18 seconds.
[   18.418099] cloud-init[971]: ci-info: ++++++++++++++++++++++++++++++++++++Net device info+++++++++++++++++++++++++++++++++++++
[   18.421090] cloud-init[971]: ci-info: +--------+-------+------------------------+---------------+--------+-------------------+
[   18.423955] cloud-init[971]: ci-info: | Device |   Up  |        Address         |      Mask     | Scope  |     Hw-Address    |
[   18.426796] cloud-init[971]: ci-info: +--------+-------+------------------------+---------------+--------+-------------------+
[   18.429691] cloud-init[971]: ci-info: | enp0s3 |  True |       10.0.2.15        | 255.255.255.0 | global | 02:0e:0c:9a:00:f0 |
[   18.432354] cloud-init[971]: ci-info: | enp0s3 |  True | fe80::e:cff:fe9a:f0/64 |       .       |  link  | 02:0e:0c:9a:00:f0 |
[   18.435071] cloud-init[971]: ci-info: | enp0s8 | False |           .            |       .       |   .    | 08:00:27:4e:f2:6f |
[   18.437893] cloud-init[971]: ci-info: |   lo   |  True |       127.0.0.1        |   255.0.0.0   |  host  |         .         |
[   18.440667] cloud-init[971]: ci-info: |   lo   |  True |        ::1/128         |       .       |  host  |         .         |
[   18.443491] cloud-init[971]: ci-info: +--------+-------+------------------------+---------------+--------+-------------------+
[   18.452637] cloud-init[971]: ci-info: +++++++++++++++++++++++++++Route IPv4 info++++++++++++++++++++++++++++
[   18.455517] cloud-init[971]: ci-info: +-------+-------------+----------+---------------+-----------+-------+
[   18.458152] cloud-init[971]: ci-info: | Route | Destination | Gateway  |    Genmask    | Interface | Flags |
[   18.460640] cloud-init[971]: ci-info: +-------+-------------+----------+---------------+-----------+-------+
[   18.463374] cloud-init[971]: ci-info: |   0   |   0.0.0.0   | 10.0.2.2 |    0.0.0.0    |   enp0s3  |   UG  |
[   18.465827] cloud-init[971]: ci-info: |   1   |   10.0.2.0  | 0.0.0.0  | 255.255.255.0 |   enp0s3  |   U   |
[   18.473111] cloud-init[971]: ci-info: +-------+-------------+----------+---------------+-----------+-------+
[   18.475417] cloud-init[971]: ci-info: +++++++++++++++++++Route IPv6 info+++++++++++++++++++
[   18.477499] cloud-init[971]: ci-info: +-------+-------------+---------+-----------+-------+
[   18.479241] cloud-init[971]: ci-info: | Route | Destination | Gateway | Interface | Flags |
[   18.481126] cloud-init[971]: ci-info: +-------+-------------+---------+-----------+-------+
[   18.482815] cloud-init[971]: ci-info: |   0   |  fe80::/64  |    ::   |   enp0s3  |   U   |
[   18.484045] cloud-init[971]: ci-info: |   3   |   ff00::/8  |    ::   |   enp0s3  |   U   |
[   18.492755] cloud-init[971]: ci-info: +-------+-------------+---------+-----------+-------+
[   18.501479] cloud-init[971]: Generating public/private rsa key pair.
[   18.508855] cloud-init[971]: Your identification has been saved in /etc/ssh/ssh_host_rsa_key.
[   18.510281] cloud-init[971]: Your public key has been saved in /etc/ssh/ssh_host_rsa_key.pub.
[   18.517063] cloud-init[971]: The key fingerprint is:
[   18.518539] cloud-init[971]: SHA256:oQvDLTTwFRjMY16bMrvub24zrK9GpUrDzV7JL7SzzwI root@ubuntu-xenial
[   18.520724] cloud-init[971]: The key's randomart image is:
[   18.528530] cloud-init[971]: +---[RSA 2048]----+
[   18.536665] cloud-init[971]: |  .o.oo.         |
[   18.538519] cloud-init[971]: |   o*..          |
[   18.540108] cloud-init[971]: |   o+o o.        |
[[0;32m  OK  [0m] Started Initial cloud-init job (metadata service crawler).
[[0;32m  OK  [0m] Reached target Cloud-config availability.
[[0;32m  OK  [0m] Reached target System Initialization.
[[0;32m  OK  [0m] Started Daily Cleanup of Temporary Directories.
[   18.552117] cloud-init[971]: |   o+o+. .       |
[   18.560477] cloud-init[971]: | . o=Bo.S        |
[   18.561498] cloud-init[971]: |  + E+=.         |
[   18.562836] cloud-init[971]: | . = *.o         |
[   18.564435] [[0;32m  OK  [0m] Listening on UUID daemon activation socket.
[[0;32m  OK  [0m] Started Daily apt download activities.
[[0;32m  OK  [0m] Started Daily apt upgrade and clean activities.
[[0;32m  OK  [0m] Listening on ACPID Listen Socket.
         Starting Socket activation for snappy daemon.
[[0;32m  OK  [0m] Listening on D-Bus System Message Bus Socket.
cloud-init[971]: |  . + @..        |
[   18.571454] [[0;32m  OK  [0m] Started ACPI Events Check.
[[0;32m  OK  [0m] Reached target Paths.
[[0;32m  OK  [0m] Started Message of the Day.
cloud-init[971]: |   +=O=Oo        |
[   18.573871]          Starting LXD - unix socket.
[[0;32m  OK  [0m] Reached target Timers.
[[0;32m  OK  [0m] Reached target Network is Online.
cloud-init[971]: +----[SHA256]-----+
[   18.577512] cloud-init[971]: Generating public/private dsa key pair.
[   18.585330] cloud-init[971]: Your identification has been saved in /etc/ssh/ssh_host_dsa_key.
[   18.587574]          Starting iSCSI initiator daemon (iscsid)...
cloud-init[[0;32m  OK  [0m] Listening on Socket activation for snappy daemon.
[[0;32m  OK  [0m] Listening on LXD - unix socket.
[[0;32m  OK  [0m] Reached target Sockets.
[[0;32m  OK  [0m] Reached target Basic System.
[971]: Your public key has been saved in /etc/ssh/ssh_host_dsa_key.pub.
[[0;32m  OK  [0m] Started ACPI event daemon.
[   18.595914] cloud-init[971]: The key fingerprint is:
         Starting LSB: MD monitoring daemon...
[   18.601221] cloud-init         Starting LSB: Record successful boot for GRUB...
         Starting /etc/rc.local Compatibility...
         Starting Login Service...
         Starting Virtualbox guest utils...
         Starting Accounts Service...
         Starting Snappy daemon...
[[0;32m  OK  [0m] Started Deferred execution scheduler.
         Starting LXD - container startup/shutdown...
[[0;32m  OK  [0m] Started FUSE filesystem for LXC.
[[0;32m  OK  [0m] Started Regular background program processing daemon.
         Starting System Logging Service...
[971]: SHA256:fEc+TmXPxFU0LRyB+1PcZ6dYloD2r/YlCqOGycuPAr0 root@ubuntu-xenial         Starting Pollinate to seed the pseudo random number generator...
[[0;32m  OK  [0m] Started D-Bus System Message Bus.

[   18.659496] cloud-init[971]: The key's randomart image is:
[   18.674326] cloud-init[971]: +---[DSA 1024]----+
[   18.683370] cloud-init[971]: |           . oo=*|
[   18.688087] cloud-init[971]: |          o o o.+|
[   18.689951] cloud-init[971]: |         . ..oo++|
[   18.692794] cloud-init[971]: |       .   ooo++B|
[   18.698581] cloud-init[971]: |   .    S . =* +=|
[   18.700739] cloud-init[971]: |  . .    . +..=  |
[   18.702715] cloud-init[971]: |   . o o  o .....|
[   18.715517] cloud-init[971]: |    E.+... oo. o |
[   18.720976] cloud-init[971]: |     .++o  ....  |
[   18.725077] cloud-init[971]: +----[SHA256]-----+
[   18.733130] cloud-init[971]: Generating public/private ecdsa key pair.
[   18.735533] cloud-init[971]: Your identification has been saved in /etc/ssh/ssh_host_ecdsa_key.
[   18.737835] cloud-init[971]: Your public key has been saved in /etc/ssh/ssh_host_ecdsa_key.pub.[[0;32m  OK  [0m] Started System Logging Service.

[   18.749861] cloud-init[971]: The key fingerprint is:
[   18.763984] [[0;32m  OK  [0m] Started /etc/rc.local Compatibility.
cloud-init[971]: SHA256:3ewdWOkWqQsGuGRucQLEKlfqT612jLpjvbD0AA3Hoo4 root@ubuntu-xenial[[0;32m  OK  [0m] Started iSCSI initiator daemon (iscsid).

[   18.798726] cloud-init[971]: The key's randomart image is:
[   18.810386] cloud-init[971]: +---[ECDSA 256]---+         Starting Login to default iSCSI targets...
[[0;32m  OK  [0m] Started LSB: Record successful boot for GRUB.
[[0;32m  OK  [0m] Started Login Service.

[   18.829278]          Starting Authenticate and Authorize Users to Run Privileged Tasks...
cloud-init[971]: |   oo            |
[[0;32m  OK  [0m] Started Unattended Upgrades Shutdown.
[[0;32m  OK  [0m] Started LSB: MD monitoring daemon.
[   18.852583] cloud-init[971]: | .  o. .       o |
[   18.882218] cloud-init[971]: |o o+  * o     =  |
[   18.890547] cloud-init[971]: |o=+  + = o o = . |
[   18.905158] cloud-init[971]: |o+.  .+ S + = +  |
[   18.907130] cloud-init[971]: |o.. ...  . o + . |
[   18.912800] [[0;32m  OK  [0m] Started Login to default iSCSI targets.
cloud-init[971]: |E.++ +      o .  |
[   18.917515] [cloud-init[0;32m  OK  [0m[971]: ] | .o=* o          |Reached target Remote File Systems (Pre).

[   18.920996] [cloud-init[0;32m  OK  [0m[971]: ] | .+=oo           |Reached target Remote File Systems.

[   18.925942] cloud-init[971]: +----[SHA256]-----+         Starting LSB: Set the CPU Frequency Scaling governor to "ondemand"...

[   18.956209]          Starting LSB: automatic crash report generation...
cloud-init[971]: Generating public/private ed25519 key pair.
         Starting LSB: daemon to balance interrupts for SMP systems...
         Starting Permit User Sessions...
[   18.967081] cloud-init[971]: [[0;32m  OK  [0m] Started LXD - container startup/shutdown.
[[0;32m  OK  [0m] Started Authenticate and Authorize Users to Run Privileged Tasks.
Your identification has been saved in /etc/ssh/ssh_host_ed25519_key.[[0;32m  OK  [0m] Started Permit User Sessions.

[   18.984455] cloud-init[971]: Your public key has been saved in /etc/ssh/ssh_host_ed25519_key.pub.
[   18.997348]          Starting Hold until boot process finishes up...
cloud-init[971]: The key fingerprint is:
[   19.000492]          Starting Terminate Plymouth Boot Screen...
cloud-init[971]: SHA256:IgUY4O/fd5wVZZgRHFcuj7Lhn6S1mFUmUw0yf9J+a1w root@ubuntu-xenial[[0;32m  OK  [0m] Started Accounts Service.

[   19.006833] cloud-init[971]: The key's randomart image is:[[0;32m  OK  [0m] Started Hold until boot process finishes up.

[   19.016039] cloud-init[971]: +--[ED25519 256]--+
[[0;32m  OK  [0m] Started Terminate Plymouth Boot Screen.
[   19.023118] cloud-init[971]: |...o.       ++B.o|
[   19.026687] [[0;32m  OK  [0m] Started Getty on tty1.
cloud-init[971]: |. .  .       B.*.|
         Starting Set console scheme...
[   19.038896] [[0;32m  OK  [0m] Started Serial Getty on ttyS0.
[[0;32m  OK  [0m] Reached target Login Prompts.
cloud-init[[0;32m  OK  [0m] Started LSB: Set the CPU Frequency Scaling governor to "ondemand".
[971]: | .    .       * *|
[   19.044983] cloud-init[971]: |  .  .       . O |
[[0;32m  OK  [0m] Started Set console scheme.[   19.050117] cloud-init[971]: |   .. . S   o = E|

[   19.060442] cloud-init[971]: |  .  . .   . =.=+|
[   19.064255] cloud-init[971]: |   .      . = ++ |
[   19.069931] cloud-init[971]: |    . .  . + O.o |
[   19.080863] cloud-init[971]: |     . .. . + +  |
[   19.086753] cloud-init[971]: +----[SHA256]-----+
[[0;32m  OK  [0m] Started LSB: daemon to balance interrupts for SMP systems.
[[0;32m  OK  [0m] Started LSB: automatic crash report generation.
[[0;32m  OK  [0m] Started Virtualbox guest utils.
[[0;32m  OK  [0m] Started Snappy daemon.
         Starting Wait until snapd is fully seeded...

Ubuntu 16.04.6 LTS ubuntu-xenial ttyS0

ubuntu-xenial login: [   48.164622] cloud-init[1959]: Generating locales (this might take a while)...
[   50.224350] cloud-init[1959]:   en_US.UTF-8... done
[   50.227106] cloud-init[1959]: Generation complete.
[   50.982900] cloud-init[1959]: Cloud-init v. 19.4-33-gbb4131a2-0ubuntu1~16.04.1 running 'modules:config' at Mon, 17 Feb 2020 17:54:39 +0000. Up 47.91 seconds.
ci-info: no authorized SSH keys fingerprints found for user ubuntu.
<14>Feb 17 17:54:43 ec2: 
<14>Feb 17 17:54:43 ec2: #############################################################
<14>Feb 17 17:54:43 ec2: -----BEGIN SSH HOST KEY FINGERPRINTS-----
<14>Feb 17 17:54:43 ec2: 1024 SHA256:fEc+TmXPxFU0LRyB+1PcZ6dYloD2r/YlCqOGycuPAr0 root@ubuntu-xenial (DSA)
<14>Feb 17 17:54:43 ec2: 256 SHA256:3ewdWOkWqQsGuGRucQLEKlfqT612jLpjvbD0AA3Hoo4 root@ubuntu-xenial (ECDSA)
<14>Feb 17 17:54:43 ec2: 256 SHA256:IgUY4O/fd5wVZZgRHFcuj7Lhn6S1mFUmUw0yf9J+a1w root@ubuntu-xenial (ED25519)
<14>Feb 17 17:54:43 ec2: 2048 SHA256:oQvDLTTwFRjMY16bMrvub24zrK9GpUrDzV7JL7SzzwI root@ubuntu-xenial (RSA)
<14>Feb 17 17:54:43 ec2: -----END SSH HOST KEY FINGERPRINTS-----
<14>Feb 17 17:54:43 ec2: #############################################################
-----BEGIN SSH HOST KEY KEYS-----
ecdsa-sha2-nistp256 AAAAE2VjZHNhLXNoYTItbmlzdHAyNTYAAAAIbmlzdHAyNTYAAABBBPUgqwYKlSaLLV6RHq8CI2Jx1xZqYR1tQ/zXAkPlXqahM0fj16WBM57xCmWJaJj3LS6b2aEz96BtFCygt7JmT7o= root@ubuntu-xenial
ssh-ed25519 AAAAC3NzaC1lZDI1NTE5AAAAIN/f57DZFtTsMYYsGP8TRu0vLNL7vNA+scZqnKy5OhiO root@ubuntu-xenial
ssh-rsa AAAAB3NzaC1yc2EAAAADAQABAAABAQDRoA7yPQBKwn4dmF4kx5v5KAwkYvYVOvYQBTobdOVkjSt3AAFme/Zk9vG6x9wxKfjbA0znOO8+WfSDsRZi9et+yfj21tgSd/wmweZ474Rq3GKHScLNEoHCRHSQM6GAtZZstIyTTiP2a1pX/6BiyjN5N0PlIutLW3K0VonwdncMqg5OycvCBO87NGtw/hXFCkMgw7R7BdT7wzfbzM66tgS50FiHwgM+DMREphlwZVXoxx34SoA1pLja1m7B1qlXfsNVPafumivhu2Pzaivd7HYF1VyzLizYJ5YHpzbqYv/lC3X7zbPxM+xXq/+xc+24HwrAm30QLeaWCKZvmmip1NNp root@ubuntu-xenial
-----END SSH HOST KEY KEYS-----
[   52.153208] cloud-init[2001]: Cloud-init v. 19.4-33-gbb4131a2-0ubuntu1~16.04.1 running 'modules:final' at Mon, 17 Feb 2020 17:54:42 +0000. Up 51.82 seconds.
[   52.153581] cloud-init[2001]: ci-info: no authorized SSH keys fingerprints found for user ubuntu.
[   52.155192] cloud-init[2001]: Cloud-init v. 19.4-33-gbb4131a2-0ubuntu1~16.04.1 finished at Mon, 17 Feb 2020 17:54:43 +0000. Datasource DataSourceNoCloud [seed=/dev/sdb][dsmode=net].  Up 52.13 seconds
